<html>
<body>
<pre>
<h1>µVision Build Log</h1>
<h2>Tool Versions:</h2>
IDE-Version: ¦ÌVision V5.30.0.0
Copyright (C) 2020 ARM Ltd and ARM Germany GmbH. All rights reserved.
License Information: ASRST CuteSpider, ASRST, LIC=X96CK-ZINCF-MM59I-TQ58L-EUBXD-K64KM
 
Tool Versions:
Toolchain:       MDK-ARM Plus  Version: 5.30.0.0
Toolchain Path:  E:\Keil_v5\ARM\ARMCC\Bin
C Compiler:      Armcc.exe V5.06 update 6 (build 750)
Assembler:       Armasm.exe V5.06 update 6 (build 750)
Linker/Locator:  ArmLink.exe V5.06 update 6 (build 750)
Library Manager: ArmAr.exe V5.06 update 6 (build 750)
Hex Converter:   FromElf.exe V5.06 update 6 (build 750)
CPU DLL:         SARMCM3.DLL V5.30.0.0
Dialog DLL:      DCM.DLL V1.17.3.0
Target DLL:      STLink\ST-LINKIII-KEIL_SWO.dll V3.0.7.0
Dialog DLL:      TCM.DLL V1.42.0.0
 
<h2>Project:</h2>
C:\Users\CuteSpider\Documents\GitHub\FlightControler\MDK-ARM\FlightControler.uvprojx
Project File Date:  05/23/2025

<h2>Output:</h2>
*** Using Compiler 'V5.06 update 6 (build 750)', folder: 'E:\Keil_v5\ARM\ARMCC\Bin'
Rebuild target 'FlightControler'
assembling startup_stm32h743xx.s...
compiling stm32h7xx_ll_delayblock.c...
compiling stm32h7xx_hal_mmc_ex.c...
compiling stm32h7xx_hal_sd_ex.c...
compiling stm32h7xx_hal_dma_ex.c...
compiling stm32h7xx_hal_timebase_tim.c...
compiling freertos.c...
compiling stm32h7xx_hal_cortex.c...
compiling stm32h7xx_hal.c...
compiling stm32h7xx_hal_gpio.c...
compiling stm32h7xx_hal_mdma.c...
compiling stm32h7xx_hal_exti.c...
compiling stm32h7xx_hal_uart_ex.c...
compiling stm32h7xx_hal_i2c_ex.c...
compiling croutine.c...
compiling stm32h7xx_ll_sdmmc.c...
compiling event_groups.c...
compiling list.c...
compiling stm32h7xx_hal_tim_ex.c...
compiling queue.c...
compiling stream_buffer.c...
compiling tasks.c...
compiling stm32h7xx_hal_rcc_ex.c...
compiling timers.c...
compiling stm32h7xx_hal_mmc.c...
compiling heap_1.c...
compiling stm32h7xx_hal_pwr_ex.c...
compiling signal.c...
compiling port.c...
compiling cmsis_os.c...
compiling stm32h7xx_hal_flash.c...
compiling stm32h7xx_hal_flash_ex.c...
compiling CRC_Table.c...
compiling jy901b.c...
compiling stm32h7xx_hal_rcc.c...
compiling stm32h7xx_hal_uart.c...
compiling stm32h7xx_hal_msp.c...
compiling stm32h7xx_hal_pwr.c...
compiling stm32h7xx_hal_tim.c...
compiling stm32h7xx_hal_sd.c...
compiling stm32h7xx_hal_hsem.c...
compiling main.c...
compiling stm32h7xx_it.c...
compiling stm32h7xx_hal_i2c.c...
compiling bsp_driver_sd.c...
compiling system_stm32h7xx.c...
compiling fatfs_platform.c...
compiling extf.c...
..\Code\Src\extf.c(11): warning:  #167-D: argument of type "uint8_t *" is incompatible with parameter of type "char *__restrict__"
  	sprintf(ExtfSendBuff,"Roll:%0.2f Pitch:%0.2f Heading:%0.2f \r\n",AHRSData.Roll,AHRSData.Pitch,AHRSData.Heading);
..\Code\Src\extf.c(13): warning:  #1-D: last line of file ends without a newline
  }
..\Code\Src\extf.c: 2 warnings, 0 errors
compiling fatfs.c...
compiling ff.c...
compiling stm32h7xx_hal_dma.c...
compiling sd_diskio.c...
compiling ccsbcs.c...
compiling siyi.c...
compiling taskinit.c...
compiling FDI_send.c...
..\HardWare\FDILink\FDI_send.c(720): warning:  #940-D: missing return statement at end of non-void function "fdiSendExternalData" 
  }
..\HardWare\FDILink\FDI_send.c: 1 warning, 0 errors
compiling FDILink.c...
..\HardWare\FDILink\FDILink.c(342): warning:  #940-D: missing return statement at end of non-void function "fdiGetPacket" 
  }
..\HardWare\FDILink\FDILink.c(364): warning:  #940-D: missing return statement at end of non-void function "fdiComGetAxis" 
  }
..\HardWare\FDILink\FDILink.c(387): warning:  #940-D: missing return statement at end of non-void function "fdiComGetAnte" 
  }
..\HardWare\FDILink\FDILink.c(442): warning:  #940-D: missing return statement at end of non-void function "fdiGetDgnss" 
  }
..\HardWare\FDILink\FDILink.c(467): warning:  #940-D: missing return statement at end of non-void function "fdiComGetParam" 
  }
..\HardWare\FDILink\FDILink.c: 5 warnings, 0 errors
compiling telemetry.c...
..\Code\Src\telemetry.c(9): warning:  #167-D: argument of type "uint8_t *" is incompatible with parameter of type "char *__restrict__"
  	sprintf(TelemetrySendBuff,"Roll:%0.2f Pitch:%0.2f \r\n",AHRSData.Roll,AHRSData.Pitch);
..\Code\Src\telemetry.c: 1 warning, 0 errors
compiling diskio.c...
compiling ff_gen_drv.c...
compiling tf.c...
compiling syscall.c...
compiling control.c...
..\Code\Src\control.c(99): warning:  #1035-D: single-precision operand implicitly converted to double-precision
  	pitch = AHRSData.Pitch*57.3;
..\Code\Src\control.c(100): warning:  #1035-D: single-precision operand implicitly converted to double-precision
  	roll = AHRSData.Roll*57.3-1.45;
..\Code\Src\control.c(101): warning:  #1035-D: single-precision operand implicitly converted to double-precision
  	yaw = AHRSData.Heading*57.3;
..\Code\Src\control.c(112): warning:  #1035-D: single-precision operand implicitly converted to double-precision
  	volatile double pitch = AHRSData.Pitch*57.3;
..\Code\Src\control.c(113): warning:  #1035-D: single-precision operand implicitly converted to double-precision
  	volatile double roll = AHRSData.Roll*57.3;
..\Code\Src\control.c(114): warning:  #1035-D: single-precision operand implicitly converted to double-precision
  	volatile double yaw = AHRSData.Heading*57.3;
..\Code\Src\control.c: 6 warnings, 0 errors
compiling receiver.c...
compiling navigation.c...
linking...
Program Size: Code=57576 RO-data=3952 RW-data=528 ZI-data=35384  
FromELF: creating hex file...
"FDI\FDI.axf" - 0 Error(s), 15 Warning(s).

<h2>Software Packages used:</h2>

Package Vendor: ARM
                http://www.keil.com/pack/ARM.CMSIS.5.9.0.pack
                ARM.CMSIS.5.9.0
                CMSIS (Common Microcontroller Software Interface Standard)
   * Component: CORE Version: 5.6.0

Package Vendor: Keil
                https://www.keil.com/pack/Keil.STM32H7xx_DFP.3.1.1.pack
                Keil.STM32H7xx_DFP.3.1.1
                STMicroelectronics STM32H7 Series Device Support and Examples

<h2>Collection of Component include folders:</h2>
  .\RTE\_FlightControler
  E:\Users\CuteSpider\AppData\Local\Arm\Packs\ARM\CMSIS\5.9.0\CMSIS\Core\Include
  E:\Users\CuteSpider\AppData\Local\Arm\Packs\Keil\STM32H7xx_DFP\3.1.1\Drivers\CMSIS\Device\ST\STM32H7xx\Include

<h2>Collection of Component Files used:</h2>

   * Component: ARM::CMSIS:CORE:5.6.0
Build Time Elapsed:  00:00:18
</pre>
</body>
</html>
