Component: ARM Compiler 5.06 update 6 (build 750) Tool: armlink [4d35ed]

==============================================================================

Section Cross References

    startup_stm32h743xx.o(STACK) refers (Special) to heapauxi.o(.text) for __use_two_region_memory
    startup_stm32h743xx.o(HEAP) refers (Special) to heapauxi.o(.text) for __use_two_region_memory
    startup_stm32h743xx.o(RESET) refers (Special) to heapauxi.o(.text) for __use_two_region_memory
    startup_stm32h743xx.o(RESET) refers to startup_stm32h743xx.o(STACK) for __initial_sp
    startup_stm32h743xx.o(RESET) refers to startup_stm32h743xx.o(.text) for Reset_Handler
    startup_stm32h743xx.o(RESET) refers to stm32h7xx_it.o(i.NMI_Handler) for NMI_Handler
    startup_stm32h743xx.o(RESET) refers to stm32h7xx_it.o(i.HardFault_Handler) for HardFault_Handler
    startup_stm32h743xx.o(RESET) refers to stm32h7xx_it.o(i.MemManage_Handler) for MemManage_Handler
    startup_stm32h743xx.o(RESET) refers to stm32h7xx_it.o(i.BusFault_Handler) for BusFault_Handler
    startup_stm32h743xx.o(RESET) refers to stm32h7xx_it.o(i.UsageFault_Handler) for UsageFault_Handler
    startup_stm32h743xx.o(RESET) refers to port.o(.emb_text) for SVC_Handler
    startup_stm32h743xx.o(RESET) refers to stm32h7xx_it.o(i.DebugMon_Handler) for DebugMon_Handler
    startup_stm32h743xx.o(RESET) refers to port.o(i.SysTick_Handler) for SysTick_Handler
    startup_stm32h743xx.o(RESET) refers to stm32h7xx_it.o(i.DMA1_Stream0_IRQHandler) for DMA1_Stream0_IRQHandler
    startup_stm32h743xx.o(RESET) refers to stm32h7xx_it.o(i.DMA1_Stream1_IRQHandler) for DMA1_Stream1_IRQHandler
    startup_stm32h743xx.o(RESET) refers to stm32h7xx_it.o(i.DMA1_Stream2_IRQHandler) for DMA1_Stream2_IRQHandler
    startup_stm32h743xx.o(RESET) refers to stm32h7xx_it.o(i.DMA1_Stream3_IRQHandler) for DMA1_Stream3_IRQHandler
    startup_stm32h743xx.o(RESET) refers to stm32h7xx_it.o(i.DMA1_Stream4_IRQHandler) for DMA1_Stream4_IRQHandler
    startup_stm32h743xx.o(RESET) refers to stm32h7xx_it.o(i.DMA1_Stream5_IRQHandler) for DMA1_Stream5_IRQHandler
    startup_stm32h743xx.o(RESET) refers to stm32h7xx_it.o(i.TIM1_UP_IRQHandler) for TIM1_UP_IRQHandler
    startup_stm32h743xx.o(RESET) refers to stm32h7xx_it.o(i.TIM3_IRQHandler) for TIM3_IRQHandler
    startup_stm32h743xx.o(RESET) refers to stm32h7xx_it.o(i.USART2_IRQHandler) for USART2_IRQHandler
    startup_stm32h743xx.o(RESET) refers to stm32h7xx_it.o(i.SDMMC1_IRQHandler) for SDMMC1_IRQHandler
    startup_stm32h743xx.o(RESET) refers to stm32h7xx_it.o(i.UART5_IRQHandler) for UART5_IRQHandler
    startup_stm32h743xx.o(RESET) refers to stm32h7xx_it.o(i.TIM6_DAC_IRQHandler) for TIM6_DAC_IRQHandler
    startup_stm32h743xx.o(RESET) refers to stm32h7xx_it.o(i.USART6_IRQHandler) for USART6_IRQHandler
    startup_stm32h743xx.o(RESET) refers to stm32h7xx_it.o(i.UART7_IRQHandler) for UART7_IRQHandler
    startup_stm32h743xx.o(RESET) refers to stm32h7xx_it.o(i.UART8_IRQHandler) for UART8_IRQHandler
    startup_stm32h743xx.o(.text) refers (Special) to heapauxi.o(.text) for __use_two_region_memory
    startup_stm32h743xx.o(.text) refers to system_stm32h7xx.o(i.ExitRun0Mode) for ExitRun0Mode
    startup_stm32h743xx.o(.text) refers to system_stm32h7xx.o(i.SystemInit) for SystemInit
    startup_stm32h743xx.o(.text) refers to __main.o(!!!main) for __main
    startup_stm32h743xx.o(.text) refers to startup_stm32h743xx.o(HEAP) for Heap_Mem
    startup_stm32h743xx.o(.text) refers to startup_stm32h743xx.o(STACK) for Stack_Mem
    main.o(i.HAL_TIM_PeriodElapsedCallback) refers to stm32h7xx_hal.o(i.HAL_IncTick) for HAL_IncTick
    main.o(i.HAL_TIM_PeriodElapsedCallback) refers to queue.o(i.xQueueGiveFromISR) for xQueueGiveFromISR
    main.o(i.HAL_TIM_PeriodElapsedCallback) refers to stm32h7xx_hal_uart.o(i.HAL_UART_AbortReceive) for HAL_UART_AbortReceive
    main.o(i.HAL_TIM_PeriodElapsedCallback) refers to rt_memcpy_v6.o(.text) for __aeabi_memcpy
    main.o(i.HAL_TIM_PeriodElapsedCallback) refers to stm32h7xx_hal_uart.o(i.HAL_UART_Receive_DMA) for HAL_UART_Receive_DMA
    main.o(i.HAL_TIM_PeriodElapsedCallback) refers to control.o(i.ControlUpdata) for ControlUpdata
    main.o(i.HAL_TIM_PeriodElapsedCallback) refers to main.o(.data) for .data
    main.o(i.HAL_TIM_PeriodElapsedCallback) refers to control.o(.data) for ControlHigherTaskSwitch
    main.o(i.HAL_TIM_PeriodElapsedCallback) refers to main.o(.bss) for .bss
    main.o(i.HAL_TIM_PeriodElapsedCallback) refers to navigation.o(.data) for NavRecLength
    main.o(i.HAL_TIM_PeriodElapsedCallback) refers to navigation.o(.data) for NavFifoLength
    main.o(i.HAL_TIM_PeriodElapsedCallback) refers to navigation.o(.bss) for NavRecBuff
    main.o(i.HAL_TIM_PeriodElapsedCallback) refers to navigation.o(.bss) for NavRecFifoBuff
    main.o(i.HAL_TIM_PeriodElapsedCallback) refers to navigation.o(.data) for NavHigherTaskSwitch
    main.o(i.HAL_TIM_PeriodElapsedCallback) refers to navigation.o(.data) for NavSemaphore
[...]
    ControlTime                              0x24000088   Data           4  control.o(.data)
    ControlSemaphore                         0x2400008c   Data           4  control.o(.data)
    ControlHigherTaskSwitch                  0x24000090   Data           4  control.o(.data)
    Ky_seek                                  0x24000098   Data           8  control.o(.data)
    Kz_seek                                  0x240000a0   Data           8  control.o(.data)
    gz                                       0x240000a8   Data           8  control.o(.data)
    gy                                       0x240000b0   Data           8  control.o(.data)
    rou                                      0x240000b8   Data           8  control.o(.data)
    g                                        0x240000c0   Data           8  control.o(.data)
    xt                                       0x240000c8   Data           8  control.o(.data)
    yt                                       0x240000d0   Data           8  control.o(.data)
    zt                                       0x240000d8   Data           8  control.o(.data)
    dxt                                      0x240000e0   Data           8  control.o(.data)
    dyt                                      0x240000e8   Data           8  control.o(.data)
    dzt                                      0x240000f0   Data           8  control.o(.data)
    servo_roll                               0x240000f8   Data           8  control.o(.data)
    servo_pitch                              0x24000100   Data           8  control.o(.data)
    servo_yaw                                0x24000108   Data           8  control.o(.data)
    a_x                                      0x24000110   Data           8  control.o(.data)
    a_y                                      0x24000118   Data           8  control.o(.data)
    a_z                                      0x24000120   Data           8  control.o(.data)
    Kx1                                      0x24000128   Data           8  control.o(.data)
    Kx2                                      0x24000130   Data           8  control.o(.data)
    Kz1                                      0x24000138   Data           8  control.o(.data)
    Kz2                                      0x24000140   Data           8  control.o(.data)
    Kz3                                      0x24000148   Data           8  control.o(.data)
    Ky1                                      0x24000150   Data           8  control.o(.data)
    Ky2                                      0x24000158   Data           8  control.o(.data)
    Ky3                                      0x24000160   Data           8  control.o(.data)
    Kdc                                      0x24000168   Data           8  control.o(.data)
    Kydc                                     0x24000170   Data           8  control.o(.data)
    dservo_pitch                             0x24000178   Data           8  control.o(.data)
    dservo_yaw                               0x24000180   Data           8  control.o(.data)
    dgz                                      0x24000188   Data           8  control.o(.data)
    dgy                                      0x24000190   Data           8  control.o(.data)
    V                                        0x24000198   Data           8  control.o(.data)
    V2                                       0x240001a0   Data           8  control.o(.data)
    Q                                        0x240001a8   Data           8  control.o(.data)
    Ncy                                      0x240001b0   Data           8  control.o(.data)
    Ny                                       0x240001b8   Data           8  control.o(.data)
    Ncz                                      0x240001c0   Data           8  control.o(.data)
    Nz                                       0x240001c8   Data           8  control.o(.data)
    theta                                    0x240001d0   Data           8  control.o(.data)
    x                                        0x240001d8   Data           8  control.o(.data)
    y                                        0x240001e0   Data           8  control.o(.data)
    z                                        0x240001e8   Data           8  control.o(.data)
    dx                                       0x240001f0   Data           8  control.o(.data)
    dy                                       0x240001f8   Data           8  control.o(.data)
    dz                                       0x24000200   Data           8  control.o(.data)
    xr                                       0x24000208   Data           8  control.o(.data)
    yr                                       0x24000210   Data           8  control.o(.data)
    zr                                       0x24000218   Data           8  control.o(.data)
    Vrx                                      0x24000220   Data           8  control.o(.data)
    Vry                                      0x24000228   Data           8  control.o(.data)
    Vrz                                      0x24000230   Data           8  control.o(.data)
    dqgamma                                  0x24000238   Data           8  control.o(.data)
    dqlambda                                 0x24000240   Data           8  control.o(.data)
    r                                        0x24000248   Data           8  control.o(.data)
    servo_pitchtest                          0x24000250   Data           8  control.o(.data)
    servo_1                                  0x24000258   Data           8  control.o(.data)
    servo_2                                  0x24000260   Data           8  control.o(.data)
    servo_3                                  0x24000268   Data           8  control.o(.data)
    servo_4                                  0x24000270   Data           8  control.o(.data)
    pitch                                    0x24000278   Data           8  control.o(.data)
    roll                                     0x24000280   Data           8  control.o(.data)
    yaw                                      0x24000288   Data           8  control.o(.data)
    gx                                       0x24000290   Data           8  control.o(.data)
    gz_prev                                  0x24000298   Data           8  control.o(.data)
    gy_prev                                  0x240002a0   Data           8  control.o(.data)
    Q_sample                                 0x240002a8   Data          48  control.o(.data)
    Kz1_sample                               0x240002d8   Data          48  control.o(.data)
    Kz2_sample                               0x24000308   Data          48  control.o(.data)
    Kz3_sample                               0x24000338   Data          48  control.o(.data)
    Ky1_sample                               0x24000368   Data          48  control.o(.data)
    Ky2_sample                               0x24000398   Data          48  control.o(.data)
    Ky3_sample                               0x240003c8   Data          48  control.o(.data)
    Kx1_sample                               0x240003f8   Data          48  control.o(.data)
    Kx2_sample                               0x24000428   Data          48  control.o(.data)
    NavRecLength                             0x24000458   Data           2  navigation.o(.data)
    NavFifoLength                            0x2400045a   Data           2  navigation.o(.data)
    System_State_data                        0x2400045c   Data           4  navigation.o(.data)
    TimeData                                 0x24000460   Data           8  navigation.o(.data)
    External_Heading_data                    0x24000468   Data           8  navigation.o(.data)
    External_Time_data                       0x24000470   Data           8  navigation.o(.data)
    External_Depth_data                      0x24000478   Data           8  navigation.o(.data)
    External_Pitot_Pressure_data             0x24000480   Data           8  navigation.o(.data)
    NavSemaphore                             0x24000488   Data           4  navigation.o(.data)
    NavHigherTaskSwitch                      0x2400048c   Data           4  navigation.o(.data)
    LEDTwinkTask_Prio                        0x24000494   Data           4  taskinit.o(.data)
    NavigationTask_Prio                      0x24000498   Data           4  taskinit.o(.data)
    ControlTask_Prio                         0x2400049c   Data           4  taskinit.o(.data)
    TimerCheckerTask_Prio                    0x240004a0   Data           4  taskinit.o(.data)
    TFStorageTask_Prio                       0x240004a4   Data           4  taskinit.o(.data)
    TelemetrySendTask_Prio                   0x240004a8   Data           4  taskinit.o(.data)
    ExtfSendTask_Prio                        0x240004ac   Data           4  taskinit.o(.data)
    LEDTwinkTask_Ret                         0x240004b4   Data           4  taskinit.o(.data)
    LEDTwinkTask_TCB                         0x240004b8   Data           4  taskinit.o(.data)
    NavigationTask_Ret                       0x240004bc   Data           4  taskinit.o(.data)
    NavigationTask_TCB                       0x240004c0   Data           4  taskinit.o(.data)
    ControlTask_Ret                          0x240004c4   Data           4  taskinit.o(.data)
    ControlTask_TCB                          0x240004c8   Data           4  taskinit.o(.data)
    TimerCheckerTask_Ret                     0x240004cc   Data           4  taskinit.o(.data)
    TimerCheckerTask_TCB                     0x240004d0   Data           4  taskinit.o(.data)
    TFStorageTask_Ret                        0x240004d4   Data           4  taskinit.o(.data)
    TFStorageTask_TCB                        0x240004d8   Data           4  taskinit.o(.data)
    TelemetrySendTask_Ret                    0x240004dc   Data           4  taskinit.o(.data)
    TelemetrySendTask_TCB                    0x240004e0   Data           4  taskinit.o(.data)
    ExtfSendTask_Ret                         0x240004e4   Data           4  taskinit.o(.data)
    ExtfSendTask_TCB                         0x240004e8   Data           4  taskinit.o(.data)
    TFRet                                    0x240004ec   Data           1  tf.o(.data)
    ReceiverSemaphore                        0x240004f0   Data           4  receiver.o(.data)
    ReceiverHigherTaskSwitch                 0x240004f4   Data           4  receiver.o(.data)
    hsd1                                     0x240004f8   Data         124  main.o(.bss)
    htim2                                    0x24000574   Data          76  main.o(.bss)
    htim3                                    0x240005c0   Data          76  main.o(.bss)
    htim4                                    0x2400060c   Data          76  main.o(.bss)
    htim6                                    0x24000658   Data          76  main.o(.bss)
    huart5                                   0x240006a4   Data         148  main.o(.bss)
    huart7                                   0x24000738   Data         148  main.o(.bss)
    huart8                                   0x240007cc   Data         148  main.o(.bss)
    huart1                                   0x24000860   Data         148  main.o(.bss)
    huart2                                   0x240008f4   Data         148  main.o(.bss)
    huart6                                   0x24000988   Data         148  main.o(.bss)
    hdma_usart6_rx                           0x24000a1c   Data         120  main.o(.bss)
    hdma_uart5_rx                            0x24000a94   Data         120  main.o(.bss)
    hdma_uart7_tx                            0x24000b0c   Data         120  main.o(.bss)
    hdma_uart8_tx                            0x24000b84   Data         120  main.o(.bss)
    hdma_uart8_rx                            0x24000bfc   Data         120  main.o(.bss)
    hdma_usart2_rx                           0x24000c74   Data         120  main.o(.bss)
    htim1                                    0x24000f48   Data          76  stm32h7xx_hal_timebase_tim.o(.bss)
    SDFatFS                                  0x24000f94   Data         568  fatfs.o(.bss)
    SDFile                                   0x240011cc   Data         560  fatfs.o(.bss)
    disk                                     0x2400141c   Data          12  ff_gen_drv.o(.bss)
    xQueueRegistry                           0x24001428   Data          64  queue.o(.bss)
    NavRecBuff                               0x2400534c   Data         500  navigation.o(.bss)
    NavRecFifoBuff                           0x24005540   Data         500  navigation.o(.bss)
    enu                                      0x24005738   Data          24  navigation.o(.bss)
    p_lla                                    0x24005750   Data          24  navigation.o(.bss)
    p0_lla                                   0x24005768   Data          24  navigation.o(.bss)
    Geodetic_Position_data                   0x24005780   Data          32  navigation.o(.bss)
    _FDILink                                 0x240057a0   Data         304  navigation.o(.bss)
    VersionData                              0x240058d0   Data          32  navigation.o(.bss)
    IMUData                                  0x240058f0   Data          56  navigation.o(.bss)
    AHRSData                                 0x24005928   Data          48  navigation.o(.bss)
    INSGPSData                               0x24005958   Data          88  navigation.o(.bss)
    FTimeData                                0x240059b0   Data          16  navigation.o(.bss)
    Position_Standard_Deviation_data         0x240059c0   Data          12  navigation.o(.bss)
    Velocity_Standard_Deviation_data         0x240059cc   Data          12  navigation.o(.bss)
    Euler_Orientation_Standard_Deviation_data 0x240059d8   Data          12  navigation.o(.bss)
    Quaternion_Orientation_Standard_Deviation_data 0x240059e4   Data          16  navigation.o(.bss)
    Raw_Sensors_data                         0x240059f4   Data          48  navigation.o(.bss)
    Raw_GNSS_data                            0x24005a28   Data          80  navigation.o(.bss)
    Satellites_data                          0x24005a78   Data          12  navigation.o(.bss)
    Detailed_Satellites_data                 0x24005a84   Data         122  navigation.o(.bss)
    ECEF_Position_data                       0x24005b00   Data          24  navigation.o(.bss)
    UTM_Position_data                        0x24005b18   Data          16  navigation.o(.bss)
    NED_Velocity_data                        0x24005b28   Data          12  navigation.o(.bss)
    Body_Velocity_data                       0x24005b34   Data          12  navigation.o(.bss)
    Acceleration_data                        0x24005b40   Data          12  navigation.o(.bss)
    Body_Acceleration_data                   0x24005b4c   Data          16  navigation.o(.bss)
    Euler_Orientation_data                   0x24005b5c   Data          12  navigation.o(.bss)
    Quaternion_Orientation_data              0x24005b68   Data          16  navigation.o(.bss)
    DCM_Orientation_data                     0x24005b78   Data          36  navigation.o(.bss)
    Angular_Velocity_data                    0x24005b9c   Data          12  navigation.o(.bss)
    Angular_Acceleration_data                0x24005ba8   Data          12  navigation.o(.bss)
    External_Position_And_Velocity_data      0x24005bb8   Data          64  navigation.o(.bss)
    External_Position_data                   0x24005bf8   Data          40  navigation.o(.bss)
    External_Velocity_data                   0x24005c20   Data          24  navigation.o(.bss)
    External_Body_Velocity_data              0x24005c38   Data          16  navigation.o(.bss)
    TelemetrySendBuff                        0x24005c48   Data        2000  telemetry.o(.bss)
    work                                     0x24006418   Data         512  tf.o(.bss)
    ReceiverReceiveBuff                      0x24006618   Data          25  receiver.o(.bss)
    ReceiverFifoBuff                         0x24006632   Data          25  receiver.o(.bss)
    ReceiverChannel                          0x2400664c   Data          32  receiver.o(.bss)
    ExtfSendBuff                             0x2400666c   Data        2000  extf.o(.bss)
    __libspace_start                         0x24006e3c   Data          96  libspace.o(.bss)
    __temporary_stack_top$libspace           0x24006e9c   Data           0  libspace.o(.bss)



==============================================================================

Memory Map of the image

  Image Entry point : 0x08000299

  Load Region LR_IROM1 (Base: 0x08000000, Size: 0x00010758, Max: 0x00200000, ABSOLUTE, COMPRESSED[0x000103fc])

    Execution Region ER_IROM1 (Exec base: 0x08000000, Load base: 0x08000000, Size: 0x00010260, Max: 0x00200000, ABSOLUTE)

    Exec Addr    Load Addr    Size         Type   Attr      Idx    E Section Name        Object

    0x08000000   0x08000000   0x00000298   Data   RO            3    RESET               startup_stm32h743xx.o
    0x08000298   0x08000298   0x00000008   Code   RO         8308  * !!!main             c_w.l(__main.o)
    0x080002a0   0x080002a0   0x00000034   Code   RO         8658    !!!scatter          c_w.l(__scatter.o)
    0x080002d4   0x080002d4   0x0000005a   Code   RO         8656    !!dczerorl2         c_w.l(__dczerorl2.o)
    0x0800032e   0x0800032e   0x00000002   PAD
    0x08000330   0x08000330   0x0000001c   Code   RO         8660    !!handler_zi        c_w.l(__scatter_zi.o)
    0x0800034c   0x0800034c   0x00000000   Code   RO         8289    .ARM.Collect$$_printf_percent$$00000000  c_w.l(_printf_percent.o)
    0x0800034c   0x0800034c   0x00000006   Code   RO         8288    .ARM.Collect$$_printf_percent$$00000003  c_w.l(_printf_f.o)
    0x08000352   0x08000352   0x00000004   Code   RO         8389    .ARM.Collect$$_printf_percent$$00000017  c_w.l(_printf_percent_end.o)
    0x08000356   0x08000356   0x00000002   Code   RO         8529    .ARM.Collect$$libinit$$00000000  c_w.l(libinit.o)
    0x08000358   0x08000358   0x00000004   Code   RO         8530    .ARM.Collect$$libinit$$00000001  c_w.l(libinit2.o)
    0x0800035c   0x0800035c   0x00000000   Code   RO         8533    .ARM.Collect$$libinit$$00000004  c_w.l(libinit2.o)
    0x0800035c   0x0800035c   0x00000000   Code   RO         8536    .ARM.Collect$$libinit$$0000000A  c_w.l(libinit2.o)
    0x0800035c   0x0800035c   0x00000000   Code   RO         8538    .ARM.Collect$$libinit$$0000000C  c_w.l(libinit2.o)
    0x0800035c   0x0800035c   0x00000000   Code   RO         8540    .ARM.Collect$$libinit$$0000000E  c_w.l(libinit2.o)
    0x0800035c   0x0800035c   0x00000006   Code   RO         8541    .ARM.Collect$$libinit$$0000000F  c_w.l(libinit2.o)
    0x08000362   0x08000362   0x00000000   Code   RO         8543    .ARM.Collect$$libinit$$00000011  c_w.l(libinit2.o)
    0x08000362   0x08000362   0x00000000   Code   RO         8545    .ARM.Collect$$libinit$$00000013  c_w.l(libinit2.o)
    0x08000362   0x08000362   0x00000000   Code   RO         8547    .ARM.Collect$$libinit$$00000015  c_w.l(libinit2.o)
    0x08000362   0x08000362   0x0000000a   Code   RO         8548    .ARM.Collect$$libinit$$00000016  c_w.l(libinit2.o)
    0x0800036c   0x0800036c   0x00000000   Code   RO         8549    .ARM.Collect$$libinit$$00000017  c_w.l(libinit2.o)
    0x0800036c   0x0800036c   0x00000000   Code   RO         8551    .ARM.Collect$$libinit$$00000019  c_w.l(libinit2.o)
    0x0800036c   0x0800036c   0x00000000   Code   RO         8553    .ARM.Collect$$libinit$$0000001B  c_w.l(libinit2.o)
    0x0800036c   0x0800036c   0x00000000   Code   RO         8555    .ARM.Collect$$libinit$$0000001D  c_w.l(libinit2.o)
    0x0800036c   0x0800036c   0x00000000   Code   RO         8557    .ARM.Collect$$libinit$$0000001F  c_w.l(libinit2.o)
    0x0800036c   0x0800036c   0x00000000   Code   RO         8559    .ARM.Collect$$libinit$$00000021  c_w.l(libinit2.o)
    0x0800036c   0x0800036c   0x00000000   Code   RO         8561    .ARM.Collect$$libinit$$00000023  c_w.l(libinit2.o)
    0x0800036c   0x0800036c   0x00000000   Code   RO         8563    .ARM.Collect$$libinit$$00000025  c_w.l(libinit2.o)
    0x0800036c   0x0800036c   0x00000000   Code   RO         8567    .ARM.Collect$$libinit$$0000002C  c_w.l(libinit2.o)
    0x0800036c   0x0800036c   0x00000000   Code   RO         8569    .ARM.Collect$$libinit$$0000002E  c_w.l(libinit2.o)
    0x0800036c   0x0800036c   0x00000000   Code   RO         8571    .ARM.Collect$$libinit$$00000030  c_w.l(libinit2.o)
    0x0800036c   0x0800036c   0x00000000   Code   RO         8573    .ARM.Collect$$libinit$$00000032  c_w.l(libinit2.o)
    0x0800036c   0x0800036c   0x00000002   Code   RO         8574    .ARM.Collect$$libinit$$00000033  c_w.l(libinit2.o)
    0x0800036e   0x0800036e   0x00000002   Code   RO         8621    .ARM.Collect$$libshutdown$$00000000  c_w.l(libshutdown.o)
    0x08000370   0x08000370   0x00000000   Code   RO         8639    .ARM.Collect$$libshutdown$$00000002  c_w.l(libshutdown2.o)
    0x08000370   0x08000370   0x00000000   Code   RO         8641    .ARM.Collect$$libshutdown$$00000004  c_w.l(libshutdown2.o)
    0x08000370   0x08000370   0x00000000   Code   RO         8644    .ARM.Collect$$libshutdown$$00000007  c_w.l(libshutdown2.o)
    0x08000370   0x08000370   0x00000000   Code   RO         8647    .ARM.Collect$$libshutdown$$0000000A  c_w.l(libshutdown2.o)
    0x08000370   0x08000370   0x00000000   Code   RO         8649    .ARM.Collect$$libshutdown$$0000000C  c_w.l(libshutdown2.o)
    0x08000370   0x08000370   0x00000000   Code   RO         8652    .ARM.Collect$$libshutdown$$0000000F  c_w.l(libshutdown2.o)
    0x08000370   0x08000370   0x00000002   Code   RO         8653    .ARM.Collect$$libshutdown$$00000010  c_w.l(libshutdown2.o)
    0x08000372   0x08000372   0x00000000   Code   RO         8372    .ARM.Collect$$rtentry$$00000000  c_w.l(__rtentry.o)
    0x08000372   0x08000372   0x00000000   Code   RO         8439    .ARM.Collect$$rtentry$$00000002  c_w.l(__rtentry2.o)
    0x08000372   0x08000372   0x00000006   Code   RO         8451    .ARM.Collect$$rtentry$$00000004  c_w.l(__rtentry4.o)
    0x08000378   0x08000378   0x00000000   Code   RO         8441    .ARM.Collect$$rtentry$$00000009  c_w.l(__rtentry2.o)
    0x08000378   0x08000378   0x00000004   Code   RO         8442    .ARM.Collect$$rtentry$$0000000A  c_w.l(__rtentry2.o)
    0x0800037c   0x0800037c   0x00000000   Code   RO         8444    .ARM.Collect$$rtentry$$0000000C  c_w.l(__rtentry2.o)
    0x0800037c   0x0800037c   0x00000008   Code   RO         8445    .ARM.Collect$$rtentry$$0000000D  c_w.l(__rtentry2.o)
    0x08000384   0x08000384   0x00000002   Code   RO         8575    .ARM.Collect$$rtexit$$00000000  c_w.l(rtexit.o)
    0x08000386   0x08000386   0x00000000   Code   RO         8590    .ARM.Collect$$rtexit$$00000002  c_w.l(rtexit2.o)
    0x08000386   0x08000386   0x00000004   Code   RO         8591    .ARM.Collect$$rtexit$$00000003  c_w.l(rtexit2.o)
    0x0800038a   0x0800038a   0x00000006   Code   RO         8592    .ARM.Collect$$rtexit$$00000004  c_w.l(rtexit2.o)
    0x08000390   0x08000390   0x000000be   Code   RO         7519    .emb_text           port.o
    0x0800044e   0x0800044e   0x00000002   PAD
    0x08000450   0x08000450   0x00000048   Code   RO            4    .text               startup_stm32h743xx.o
    0x08000498   0x08000498   0x000000ee   Code   RO         8254    .text               c_w.l(lludivv7m.o)
    0x08000586   0x08000586   0x00000002   PAD
    0x08000588   0x08000588   0x00000028   Code   RO         8258    .text               c_w.l(noretval__2sprintf.o)
    0x080005b0   0x080005b0   0x00000138   Code   RO         8278    .text               c_w.l(__printf_flags_wp.o)
    0x080006e8   0x080006e8   0x0000008a   Code   RO         8294    .text               c_w.l(rt_memcpy_v6.o)
    0x08000772   0x08000772   0x00000064   Code   RO         8296    .text               c_w.l(rt_memcpy_w.o)
    0x080007d6   0x080007d6   0x00000010   Code   RO         8300    .text               c_w.l(aeabi_memset.o)
    0x080007e6   0x080007e6   0x00000044   Code   RO         8302    .text               c_w.l(rt_memclr.o)
    0x0800082a   0x0800082a   0x0000004e   Code   RO         8304    .text               c_w.l(rt_memclr_w.o)
    0x08000878   0x08000878   0x00000006   Code   RO         8306    .text               c_w.l(heapauxi.o)
    0x0800087e   0x0800087e   0x00000016   Code   RO         8377    .text               c_w.l(_rserrno.o)
    0x08000894   0x08000894   0x0000041e   Code   RO         8381    .text               c_w.l(_printf_fp_dec.o)
    0x08000cb2   0x08000cb2   0x00000002   PAD
    0x08000cb4   0x08000cb4   0x00000030   Code   RO         8383    .text               c_w.l(_printf_char_common.o)
    0x08000ce4   0x08000ce4   0x0000000a   Code   RO         8385    .text               c_w.l(_sputc.o)
    0x08000cee   0x08000cee   0x00000002   PAD
    0x08000cf0   0x08000cf0   0x00000008   Code   RO         8458    .text               c_w.l(rt_locale_intlibspace.o)
    0x08000cf8   0x08000cf8   0x00000008   Code   RO         8463    .text               c_w.l(rt_errno_addr_intlibspace.o)
    0x08000d00   0x08000d00   0x0000008a   Code   RO         8465    .text               c_w.l(lludiv10.o)
    0x08000d8a   0x08000d8a   0x00000002   PAD
    0x08000d8c   0x08000d8c   0x00000080   Code   RO         8467    .text               c_w.l(_printf_fp_infnan.o)
    0x08000e0c   0x08000e0c   0x000000e4   Code   RO         8471    .text               c_w.l(bigflt0.o)
    0x08000ef0   0x08000ef0   0x00000008   Code   RO         8511    .text               c_w.l(libspace.o)
    0x08000ef8   0x08000ef8   0x0000004a   Code   RO         8514    .text               c_w.l(sys_stackheap_outer.o)
    0x08000f42   0x08000f42   0x00000012   Code   RO         8516    .text               c_w.l(exit.o)
    0x08000f54   0x08000f54   0x00000068   Code   RO         8522    .text               c_w.l(strcmpv7m_pel.o)
    0x08000fbc   0x08000fbc   0x0000000c   Code   RO         8587    .text               c_w.l(sys_exit.o)
    0x08000fc8   0x08000fc8   0x00000002   Code   RO         8608    .text               c_w.l(use_no_semi.o)
    0x08000fca   0x08000fca   0x00000000   Code   RO         8610    .text               c_w.l(indicate_semi.o)
    0x08000fca   0x08000fca   0x0000003e   Code   RO         8474    CL$$btod_d2e        c_w.l(btod.o)
    0x08001008   0x08001008   0x00000046   Code   RO         8476    CL$$btod_d2e_denorm_low  c_w.l(btod.o)
    0x0800104e   0x0800104e   0x00000060   Code   RO         8475    CL$$btod_d2e_norm_op1  c_w.l(btod.o)
    0x080010ae   0x080010ae   0x00000338   Code   RO         8484    CL$$btod_div_common  c_w.l(btod.o)
    0x080013e6   0x080013e6   0x000000dc   Code   RO         8481    CL$$btod_e2e        c_w.l(btod.o)
    0x080014c2   0x080014c2   0x0000002a   Code   RO         8478    CL$$btod_ediv       c_w.l(btod.o)
    0x080014ec   0x080014ec   0x0000002a   Code   RO         8477    CL$$btod_emul       c_w.l(btod.o)
    0x08001516   0x08001516   0x00000244   Code   RO         8483    CL$$btod_mult_common  c_w.l(btod.o)
    0x0800175a   0x0800175a   0x00000002   PAD
    0x0800175c   0x0800175c   0x00000018   Code   RO         5561    i.BSP_PlatformIsDetected  fatfs_platform.o
    0x08001774   0x08001774   0x0000000c   Code   RO         5360    i.BSP_SD_GetCardInfo  bsp_driver_sd.o
    0x08001780   0x08001780   0x00000018   Code   RO         5361    i.BSP_SD_GetCardState  bsp_driver_sd.o
    0x08001798   0x08001798   0x00000030   Code   RO         5363    i.BSP_SD_Init       bsp_driver_sd.o
    0x080017c8   0x080017c8   0x00000016   Code   RO         5364    i.BSP_SD_IsDetected  bsp_driver_sd.o
    0x080017de   0x080017de   0x00000002   PAD
    0x080017e0   0x080017e0   0x0000001c   Code   RO         5366    i.BSP_SD_ReadBlocks_DMA  bsp_driver_sd.o
    0x080017fc   0x080017fc   0x00000010   Code   RO         5473    i.BSP_SD_ReadCpltCallback  sd_diskio.o
    0x0800180c   0x0800180c   0x0000001c   Code   RO         5369    i.BSP_SD_WriteBlocks_DMA  bsp_driver_sd.o
    0x08001828   0x08001828   0x00000010   Code   RO         5474    i.BSP_SD_WriteCpltCallback  sd_diskio.o
    0x08001838   0x08001838   0x00000002   Code   RO          413    i.BusFault_Handler  stm32h7xx_it.o
    0x0800183a   0x0800183a   0x00000002   PAD
    0x0800183c   0x0800183c   0x00000028   Code   RO         8039    i.CRC16_Table       crc_table.o
    0x08001864   0x08001864   0x00000020   Code   RO         8041    i.CRC8_Table        crc_table.o
    0x08001884   0x08001884   0x0000001c   Code   RO         7599    i.ControlInit       control.o
    0x080018a0   0x080018a0   0x000000fc   Code   RO         7806    i.ControlTask       taskinit.o
    0x0800199c   0x0800199c   0x00000024   Code   RO         7601    i.ControlUpdata     control.o
    0x080019c0   0x080019c0   0x0000000c   Code   RO          414    i.DMA1_Stream0_IRQHandler  stm32h7xx_it.o
    0x080019cc   0x080019cc   0x0000000c   Code   RO          415    i.DMA1_Stream1_IRQHandler  stm32h7xx_it.o
    0x080019d8   0x080019d8   0x0000000c   Code   RO          416    i.DMA1_Stream2_IRQHandler  stm32h7xx_it.o
    0x080019e4   0x080019e4   0x0000000c   Code   RO          417    i.DMA1_Stream3_IRQHandler  stm32h7xx_it.o
    0x080019f0   0x080019f0   0x0000000c   Code   RO          418    i.DMA1_Stream4_IRQHandler  stm32h7xx_it.o
    0x080019fc   0x080019fc   0x0000000c   Code   RO          419    i.DMA1_Stream5_IRQHandler  stm32h7xx_it.o
    0x08001a08   0x08001a08   0x000000b4   Code   RO         2471    i.DMA_CalcBaseAndBitshift  stm32h7xx_hal_dma.o
    0x08001abc   0x08001abc   0x0000009c   Code   RO         2472    i.DMA_CalcDMAMUXChannelBaseAndMask  stm32h7xx_hal_dma.o
    0x08001b58   0x08001b58   0x00000074   Code   RO         2473    i.DMA_CalcDMAMUXRequestGenBaseAndMask  stm32h7xx_hal_dma.o
    0x08001bcc   0x08001bcc   0x00000054   Code   RO         2474    i.DMA_CheckFifoParam  stm32h7xx_hal_dma.o
    0x08001c20   0x08001c20   0x00000220   Code   RO         2475    i.DMA_SetConfig     stm32h7xx_hal_dma.o
    0x08001e40   0x08001e40   0x00000002   Code   RO          420    i.DebugMon_Handler  stm32h7xx_it.o
    0x08001e42   0x08001e42   0x00000004   Code   RO           13    i.Error_Handler     main.o
    0x08001e46   0x08001e46   0x00000002   PAD
    0x08001e48   0x08001e48   0x0000001c   Code   RO         5315    i.ExitRun0Mode      system_stm32h7xx.o
    0x08001e64   0x08001e64   0x00000130   Code   RO         8007    i.ExtfSend          extf.o
    0x08001f94   0x08001f94   0x0000000c   Code   RO         7807    i.ExtfSendTask      taskinit.o
    0x08001fa0   0x08001fa0   0x00000006   Code   RO         6070    i.FATFS_LinkDriver  ff_gen_drv.o
    0x08001fa6   0x08001fa6   0x00000002   PAD
    0x08001fa8   0x08001fa8   0x00000048   Code   RO         6071    i.FATFS_LinkDriverEx  ff_gen_drv.o
    0x08001ff0   0x08001ff0   0x00000360   Code   RO         2476    i.HAL_DMA_Abort     stm32h7xx_hal_dma.o
    0x08002350   0x08002350   0x00000284   Code   RO         2477    i.HAL_DMA_Abort_IT  stm32h7xx_hal_dma.o
    0x080025d4   0x080025d4   0x00000004   Code   RO         2479    i.HAL_DMA_GetError  stm32h7xx_hal_dma.o
    0x080025d8   0x080025d8   0x000006e8   Code   RO         2481    i.HAL_DMA_IRQHandler  stm32h7xx_hal_dma.o
    0x08002cc0   0x08002cc0   0x000003c4   Code   RO         2482    i.HAL_DMA_Init      stm32h7xx_hal_dma.o
    0x08003084   0x08003084   0x0000029c   Code   RO         2486    i.HAL_DMA_Start_IT  stm32h7xx_hal_dma.o
    0x08003320   0x08003320   0x00000024   Code   RO         3185    i.HAL_Delay         stm32h7xx_hal.o
    0x08003344   0x08003344   0x0000022c   Code   RO         2324    i.HAL_GPIO_Init     stm32h7xx_hal_gpio.o
    0x08003570   0x08003570   0x0000000a   Code   RO         2326    i.HAL_GPIO_ReadPin  stm32h7xx_hal_gpio.o
    0x0800357a   0x0800357a   0x00000010   Code   RO         2327    i.HAL_GPIO_TogglePin  stm32h7xx_hal_gpio.o
    0x0800358a   0x0800358a   0x0000000a   Code   RO         2328    i.HAL_GPIO_WritePin  stm32h7xx_hal_gpio.o
    0x08003594   0x08003594   0x0000000c   Code   RO         3196    i.HAL_GetREVID      stm32h7xx_hal.o
    0x080035a0   0x080035a0   0x0000000c   Code   RO         3197    i.HAL_GetTick       stm32h7xx_hal.o
    0x080035ac   0x080035ac   0x00000010   Code   RO         3203    i.HAL_IncTick       stm32h7xx_hal.o
    0x080035bc   0x080035bc   0x0000005c   Code   RO         3204    i.HAL_Init          stm32h7xx_hal.o
    0x08003618   0x08003618   0x00000084   Code   RO          630    i.HAL_InitTick      stm32h7xx_hal_timebase_tim.o
    0x0800369c   0x0800369c   0x0000005c   Code   RO         1677    i.HAL_MPU_ConfigRegion  stm32h7xx_hal_cortex.o
    0x080036f8   0x080036f8   0x0000001c   Code   RO         1678    i.HAL_MPU_Disable   stm32h7xx_hal_cortex.o
    0x08003714   0x08003714   0x00000024   Code   RO         1680    i.HAL_MPU_Enable    stm32h7xx_hal_cortex.o
    0x08003738   0x08003738   0x00000024   Code   RO          564    i.HAL_MspInit       stm32h7xx_hal_msp.o
    0x0800375c   0x0800375c   0x0000001a   Code   RO         1684    i.HAL_NVIC_EnableIRQ  stm32h7xx_hal_cortex.o
    0x08003776   0x08003776   0x00000002   PAD
    0x08003778   0x08003778   0x00000040   Code   RO         1690    i.HAL_NVIC_SetPriority  stm32h7xx_hal_cortex.o
    0x080037b8   0x080037b8   0x00000024   Code   RO         1691    i.HAL_NVIC_SetPriorityGrouping  stm32h7xx_hal_cortex.o
    0x080037dc   0x080037dc   0x00000054   Code   RO         2925    i.HAL_PWREx_ConfigSupply  stm32h7xx_hal_pwr_ex.o
    0x08003830   0x08003830   0x00000024   Code   RO         1945    i.HAL_RCCEx_GetD3PCLK1Freq  stm32h7xx_hal_rcc_ex.o
    0x08003854   0x08003854   0x00000148   Code   RO         1946    i.HAL_RCCEx_GetPLL1ClockFreq  stm32h7xx_hal_rcc_ex.o
    0x0800399c   0x0800399c   0x00000144   Code   RO         1947    i.HAL_RCCEx_GetPLL2ClockFreq  stm32h7xx_hal_rcc_ex.o
    0x08003ae0   0x08003ae0   0x00000144   Code   RO         1948    i.HAL_RCCEx_GetPLL3ClockFreq  stm32h7xx_hal_rcc_ex.o
    0x08003c24   0x08003c24   0x000002c8   Code   RO         1950    i.HAL_RCCEx_GetPeriphCLKFreq  stm32h7xx_hal_rcc_ex.o
    0x08003eec   0x08003eec   0x000009ac   Code   RO         1954    i.HAL_RCCEx_PeriphCLKConfig  stm32h7xx_hal_rcc_ex.o
    0x08004898   0x08004898   0x0000025c   Code   RO         1830    i.HAL_RCC_ClockConfig  stm32h7xx_hal_rcc.o
    0x08004af4   0x08004af4   0x0000005c   Code   RO         1834    i.HAL_RCC_GetClockConfig  stm32h7xx_hal_rcc.o
    0x08004b50   0x08004b50   0x00000044   Code   RO         1835    i.HAL_RCC_GetHCLKFreq  stm32h7xx_hal_rcc.o
    0x08004b94   0x08004b94   0x00000024   Code   RO         1837    i.HAL_RCC_GetPCLK1Freq  stm32h7xx_hal_rcc.o
    0x08004bb8   0x08004bb8   0x00000024   Code   RO         1838    i.HAL_RCC_GetPCLK2Freq  stm32h7xx_hal_rcc.o
    0x08004bdc   0x08004bdc   0x00000138   Code   RO         1839    i.HAL_RCC_GetSysClockFreq  stm32h7xx_hal_rcc.o
    0x08004d14   0x08004d14   0x00000582   Code   RO         1842    i.HAL_RCC_OscConfig  stm32h7xx_hal_rcc.o
    0x08005296   0x08005296   0x00000002   Code   RO         4464    i.HAL_SDEx_Read_DMADoubleBuf0CpltCallback  stm32h7xx_hal_sd.o
    0x08005298   0x08005298   0x00000002   Code   RO         4465    i.HAL_SDEx_Read_DMADoubleBuf1CpltCallback  stm32h7xx_hal_sd.o
    0x0800529a   0x0800529a   0x00000002   Code   RO         4466    i.HAL_SDEx_Write_DMADoubleBuf0CpltCallback  stm32h7xx_hal_sd.o
    0x0800529c   0x0800529c   0x00000002   Code   RO         4467    i.HAL_SDEx_Write_DMADoubleBuf1CpltCallback  stm32h7xx_hal_sd.o
    0x0800529e   0x0800529e   0x00000002   PAD
    0x080052a0   0x080052a0   0x00000188   Code   RO         4472    i.HAL_SD_ConfigWideBusOperation  stm32h7xx_hal_sd.o
    0x08005428   0x08005428   0x00000002   Code   RO         4475    i.HAL_SD_ErrorCallback  stm32h7xx_hal_sd.o
    0x0800542a   0x0800542a   0x00000002   PAD
    0x0800542c   0x0800542c   0x000001bc   Code   RO         4477    i.HAL_SD_GetCardCSD  stm32h7xx_hal_sd.o
    0x080055e8   0x080055e8   0x00000024   Code   RO         4478    i.HAL_SD_GetCardInfo  stm32h7xx_hal_sd.o
    0x0800560c   0x0800560c   0x0000002c   Code   RO         4479    i.HAL_SD_GetCardState  stm32h7xx_hal_sd.o
    0x08005638   0x08005638   0x000000cc   Code   RO         4480    i.HAL_SD_GetCardStatus  stm32h7xx_hal_sd.o
    0x08005704   0x08005704   0x00000240   Code   RO         4483    i.HAL_SD_IRQHandler  stm32h7xx_hal_sd.o
    0x08005944   0x08005944   0x0000009a   Code   RO         4484    i.HAL_SD_Init       stm32h7xx_hal_sd.o
    0x080059de   0x080059de   0x00000002   PAD
    0x080059e0   0x080059e0   0x000000ac   Code   RO         4485    i.HAL_SD_InitCard   stm32h7xx_hal_sd.o
    0x08005a8c   0x08005a8c   0x000000c4   Code   RO          566    i.HAL_SD_MspInit    stm32h7xx_hal_msp.o
    0x08005b50   0x08005b50   0x000000d8   Code   RO         4489    i.HAL_SD_ReadBlocks_DMA  stm32h7xx_hal_sd.o
    0x08005c28   0x08005c28   0x00000008   Code   RO         5372    i.HAL_SD_RxCpltCallback  bsp_driver_sd.o
    0x08005c30   0x08005c30   0x00000008   Code   RO         5373    i.HAL_SD_TxCpltCallback  bsp_driver_sd.o
    0x08005c38   0x08005c38   0x000000d8   Code   RO         4494    i.HAL_SD_WriteBlocks_DMA  stm32h7xx_hal_sd.o
    0x08005d10   0x08005d10   0x00000002   Code   RO         1385    i.HAL_TIMEx_Break2Callback  stm32h7xx_hal_tim_ex.o
    0x08005d12   0x08005d12   0x00000002   Code   RO         1386    i.HAL_TIMEx_BreakCallback  stm32h7xx_hal_tim_ex.o
    0x08005d14   0x08005d14   0x00000002   Code   RO         1387    i.HAL_TIMEx_CommutCallback  stm32h7xx_hal_tim_ex.o
    0x08005d16   0x08005d16   0x00000002   PAD
    0x08005d18   0x08005d18   0x000000a4   Code   RO         1407    i.HAL_TIMEx_MasterConfigSynchronization  stm32h7xx_hal_tim_ex.o
    0x08005dbc   0x08005dbc   0x00000062   Code   RO          671    i.HAL_TIM_Base_Init  stm32h7xx_hal_tim.o
    0x08005e1e   0x08005e1e   0x00000002   PAD
    0x08005e20   0x08005e20   0x00000094   Code   RO          568    i.HAL_TIM_Base_MspInit  stm32h7xx_hal_msp.o
    0x08005eb4   0x08005eb4   0x00000080   Code   RO          674    i.HAL_TIM_Base_Start  stm32h7xx_hal_tim.o
    0x08005f34   0x08005f34   0x0000008c   Code   RO          676    i.HAL_TIM_Base_Start_IT  stm32h7xx_hal_tim.o
    0x08005fc0   0x08005fc0   0x000000fc   Code   RO          680    i.HAL_TIM_ConfigClockSource  stm32h7xx_hal_tim.o
    0x080060bc   0x080060bc   0x00000002   Code   RO          705    i.HAL_TIM_IC_CaptureCallback  stm32h7xx_hal_tim.o
    0x080060be   0x080060be   0x00000148   Code   RO          719    i.HAL_TIM_IRQHandler  stm32h7xx_hal_tim.o
    0x08006206   0x08006206   0x00000002   PAD
    0x08006208   0x08006208   0x00000080   Code   RO          569    i.HAL_TIM_MspPostInit  stm32h7xx_hal_msp.o
    0x08006288   0x08006288   0x00000002   Code   RO          722    i.HAL_TIM_OC_DelayElapsedCallback  stm32h7xx_hal_tim.o
    0x0800628a   0x0800628a   0x00000124   Code   RO          743    i.HAL_TIM_PWM_ConfigChannel  stm32h7xx_hal_tim.o
    0x080063ae   0x080063ae   0x00000062   Code   RO          746    i.HAL_TIM_PWM_Init  stm32h7xx_hal_tim.o
    0x08006410   0x08006410   0x00000002   Code   RO          748    i.HAL_TIM_PWM_MspInit  stm32h7xx_hal_tim.o
    0x08006412   0x08006412   0x00000002   Code   RO          749    i.HAL_TIM_PWM_PulseFinishedCallback  stm32h7xx_hal_tim.o
    0x08006414   0x08006414   0x00000110   Code   RO          751    i.HAL_TIM_PWM_Start  stm32h7xx_hal_tim.o
    0x08006524   0x08006524   0x00000180   Code   RO           14    i.HAL_TIM_PeriodElapsedCallback  main.o
    0x080066a4   0x080066a4   0x00000002   Code   RO          762    i.HAL_TIM_TriggerCallback  stm32h7xx_hal_tim.o
    0x080066a6   0x080066a6   0x00000040   Code   RO         5197    i.HAL_UARTEx_DisableFifoMode  stm32h7xx_hal_uart_ex.o
    0x080066e6   0x080066e6   0x00000002   Code   RO         4786    i.HAL_UARTEx_RxEventCallback  stm32h7xx_hal_uart.o
    0x080066e8   0x080066e8   0x00000002   Code   RO         5205    i.HAL_UARTEx_RxFifoFullCallback  stm32h7xx_hal_uart_ex.o
    0x080066ea   0x080066ea   0x0000004c   Code   RO         5206    i.HAL_UARTEx_SetRxFifoThreshold  stm32h7xx_hal_uart_ex.o
    0x08006736   0x08006736   0x0000004c   Code   RO         5207    i.HAL_UARTEx_SetTxFifoThreshold  stm32h7xx_hal_uart_ex.o
    0x08006782   0x08006782   0x00000002   Code   RO         5209    i.HAL_UARTEx_TxFifoEmptyCallback  stm32h7xx_hal_uart_ex.o
    0x08006784   0x08006784   0x00000002   Code   RO         5210    i.HAL_UARTEx_WakeupCallback  stm32h7xx_hal_uart_ex.o
    0x08006786   0x08006786   0x00000002   PAD
    0x08006788   0x08006788   0x000000ac   Code   RO         4789    i.HAL_UART_AbortReceive  stm32h7xx_hal_uart.o
    0x08006834   0x08006834   0x00000002   Code   RO         4802    i.HAL_UART_ErrorCallback  stm32h7xx_hal_uart.o
    0x08006836   0x08006836   0x00000002   PAD
    0x08006838   0x08006838   0x0000039c   Code   RO         4805    i.HAL_UART_IRQHandler  stm32h7xx_hal_uart.o
    0x08006bd4   0x08006bd4   0x0000006a   Code   RO         4806    i.HAL_UART_Init     stm32h7xx_hal_uart.o
    0x08006c3e   0x08006c3e   0x00000002   PAD
    0x08006c40   0x08006c40   0x00000428   Code   RO          571    i.HAL_UART_MspInit  stm32h7xx_hal_msp.o
    0x08007068   0x08007068   0x00000048   Code   RO         4810    i.HAL_UART_Receive_DMA  stm32h7xx_hal_uart.o
    0x080070b0   0x080070b0   0x00000002   Code   RO         4813    i.HAL_UART_RxCpltCallback  stm32h7xx_hal_uart.o
    0x080070b2   0x080070b2   0x00000002   Code   RO         4814    i.HAL_UART_RxHalfCpltCallback  stm32h7xx_hal_uart.o
    0x080070b4   0x080070b4   0x00000090   Code   RO         4816    i.HAL_UART_Transmit_DMA  stm32h7xx_hal_uart.o
    0x08007144   0x08007144   0x00000002   Code   RO         4818    i.HAL_UART_TxCpltCallback  stm32h7xx_hal_uart.o
    0x08007146   0x08007146   0x00000002   Code   RO         4819    i.HAL_UART_TxHalfCpltCallback  stm32h7xx_hal_uart.o
    0x08007148   0x08007148   0x00000002   Code   RO          421    i.HardFault_Handler  stm32h7xx_it.o
    0x0800714a   0x0800714a   0x00000002   PAD
    0x0800714c   0x0800714c   0x0000001c   Code   RO         7808    i.LEDTwinkTask      taskinit.o
    0x08007168   0x08007168   0x000000b4   Code   RO         7699    i.LocalCcoordinate  navigation.o
    0x0800721c   0x0800721c   0x0000007c   Code   RO           15    i.MX_DMA_Init       main.o
    0x08007298   0x08007298   0x0000001c   Code   RO         5585    i.MX_FATFS_Init     fatfs.o
    0x080072b4   0x080072b4   0x00000150   Code   RO           16    i.MX_GPIO_Init      main.o
    0x08007404   0x08007404   0x000000cc   Code   RO           17    i.MX_TIM2_Init      main.o
    0x080074d0   0x080074d0   0x00000068   Code   RO           18    i.MX_TIM3_Init      main.o
    0x08007538   0x08007538   0x000000d0   Code   RO           19    i.MX_TIM4_Init      main.o
    0x08007608   0x08007608   0x00000068   Code   RO           20    i.MX_UART5_Init     main.o
    0x08007670   0x08007670   0x00000064   Code   RO           21    i.MX_UART7_Init     main.o
    0x080076d4   0x080076d4   0x00000064   Code   RO           22    i.MX_UART8_Init     main.o
    0x08007738   0x08007738   0x00000064   Code   RO           23    i.MX_USART1_UART_Init  main.o
    0x0800779c   0x0800779c   0x00000064   Code   RO           24    i.MX_USART2_UART_Init  main.o
    0x08007800   0x08007800   0x00000064   Code   RO           25    i.MX_USART6_UART_Init  main.o
    0x08007864   0x08007864   0x0000061c   Code   RO         7602    i.MYZControl        control.o
    0x08007e80   0x08007e80   0x00000002   Code   RO          422    i.MemManage_Handler  stm32h7xx_it.o
    0x08007e82   0x08007e82   0x00000002   Code   RO          423    i.NMI_Handler       stm32h7xx_it.o
    0x08007e84   0x08007e84   0x00000018   Code   RO         7700    i.NavigationSolution  navigation.o
    0x08007e9c   0x08007e9c   0x0000003c   Code   RO         7809    i.NavigationTask    taskinit.o
    0x08007ed8   0x08007ed8   0x00000120   Code   RO         1957    i.RCCEx_PLL2_Config  stm32h7xx_hal_rcc_ex.o
    0x08007ff8   0x08007ff8   0x00000120   Code   RO         1958    i.RCCEx_PLL3_Config  stm32h7xx_hal_rcc_ex.o
    0x08008118   0x08008118   0x0000000c   Code   RO          424    i.SDMMC1_IRQHandler  stm32h7xx_it.o
    0x08008124   0x08008124   0x00000034   Code   RO         4088    i.SDMMC_CmdAppCommand  stm32h7xx_ll_sdmmc.o
    0x08008158   0x08008158   0x0000002e   Code   RO         4089    i.SDMMC_CmdAppOperCommand  stm32h7xx_ll_sdmmc.o
    0x08008186   0x08008186   0x00000032   Code   RO         4091    i.SDMMC_CmdBlockLength  stm32h7xx_ll_sdmmc.o
    0x080081b8   0x080081b8   0x00000034   Code   RO         4092    i.SDMMC_CmdBusWidth  stm32h7xx_ll_sdmmc.o
    0x080081ec   0x080081ec   0x00000054   Code   RO         4096    i.SDMMC_CmdGoIdleState  stm32h7xx_ll_sdmmc.o
    0x08008240   0x08008240   0x00000028   Code   RO         4098    i.SDMMC_CmdOperCond  stm32h7xx_ll_sdmmc.o
    0x08008268   0x08008268   0x00000034   Code   RO         4099    i.SDMMC_CmdReadMultiBlock  stm32h7xx_ll_sdmmc.o
    0x0800829c   0x0800829c   0x00000034   Code   RO         4100    i.SDMMC_CmdReadSingleBlock  stm32h7xx_ll_sdmmc.o
    0x080082d0   0x080082d0   0x00000034   Code   RO         4103    i.SDMMC_CmdSelDesel  stm32h7xx_ll_sdmmc.o
    0x08008304   0x08008304   0x0000002c   Code   RO         4104    i.SDMMC_CmdSendCID  stm32h7xx_ll_sdmmc.o
    0x08008330   0x08008330   0x00000030   Code   RO         4105    i.SDMMC_CmdSendCSD  stm32h7xx_ll_sdmmc.o
    0x08008360   0x08008360   0x00000032   Code   RO         4108    i.SDMMC_CmdSendSCR  stm32h7xx_ll_sdmmc.o
    0x08008392   0x08008392   0x00000034   Code   RO         4109    i.SDMMC_CmdSendStatus  stm32h7xx_ll_sdmmc.o
    0x080083c6   0x080083c6   0x00000032   Code   RO         4110    i.SDMMC_CmdSetRelAdd  stm32h7xx_ll_sdmmc.o
    0x080083f8   0x080083f8   0x00000032   Code   RO         4113    i.SDMMC_CmdStatusRegister  stm32h7xx_ll_sdmmc.o
    0x0800842a   0x0800842a   0x00000002   PAD
    0x0800842c   0x0800842c   0x00000054   Code   RO         4114    i.SDMMC_CmdStopTransfer  stm32h7xx_ll_sdmmc.o
    0x08008480   0x08008480   0x00000034   Code   RO         4117    i.SDMMC_CmdWriteMultiBlock  stm32h7xx_ll_sdmmc.o
    0x080084b4   0x080084b4   0x00000034   Code   RO         4118    i.SDMMC_CmdWriteSingleBlock  stm32h7xx_ll_sdmmc.o
    0x080084e8   0x080084e8   0x00000026   Code   RO         4119    i.SDMMC_ConfigData  stm32h7xx_ll_sdmmc.o
    0x0800850e   0x0800850e   0x00000002   PAD
    0x08008510   0x08008510   0x00000124   Code   RO         4120    i.SDMMC_GetCmdResp1  stm32h7xx_ll_sdmmc.o
    0x08008634   0x08008634   0x00000054   Code   RO         4121    i.SDMMC_GetCmdResp2  stm32h7xx_ll_sdmmc.o
    0x08008688   0x08008688   0x00000048   Code   RO         4122    i.SDMMC_GetCmdResp3  stm32h7xx_ll_sdmmc.o
    0x080086d0   0x080086d0   0x0000008c   Code   RO         4125    i.SDMMC_GetCmdResp6  stm32h7xx_ll_sdmmc.o
    0x0800875c   0x0800875c   0x00000058   Code   RO         4126    i.SDMMC_GetCmdResp7  stm32h7xx_ll_sdmmc.o
    0x080087b4   0x080087b4   0x00000008   Code   RO         4130    i.SDMMC_GetPowerState  stm32h7xx_ll_sdmmc.o
    0x080087bc   0x080087bc   0x00000006   Code   RO         4131    i.SDMMC_GetResponse  stm32h7xx_ll_sdmmc.o
    0x080087c2   0x080087c2   0x00000002   PAD
    0x080087c4   0x080087c4   0x00000020   Code   RO         4132    i.SDMMC_Init        stm32h7xx_ll_sdmmc.o
    0x080087e4   0x080087e4   0x0000000c   Code   RO         4135    i.SDMMC_PowerState_ON  stm32h7xx_ll_sdmmc.o
    0x080087f0   0x080087f0   0x00000006   Code   RO         4136    i.SDMMC_ReadFIFO    stm32h7xx_ll_sdmmc.o
    0x080087f6   0x080087f6   0x00000002   PAD
    0x080087f8   0x080087f8   0x00000028   Code   RO         4139    i.SDMMC_SendCommand  stm32h7xx_ll_sdmmc.o
    0x08008820   0x08008820   0x0000000a   Code   RO         4141    i.SDMMC_WriteFIFO   stm32h7xx_ll_sdmmc.o
    0x0800882a   0x0800882a   0x00000002   PAD
    0x0800882c   0x0800882c   0x00000020   Code   RO         5475    i.SD_CheckStatus    sd_diskio.o
    0x0800884c   0x0800884c   0x0000002e   Code   RO         5476    i.SD_CheckStatusWithTimeout  sd_diskio.o
    0x0800887a   0x0800887a   0x00000002   PAD
    0x0800887c   0x0800887c   0x000000e4   Code   RO         4496    i.SD_FindSCR        stm32h7xx_hal_sd.o
    0x08008960   0x08008960   0x000000f6   Code   RO         4497    i.SD_InitCard       stm32h7xx_hal_sd.o
    0x08008a56   0x08008a56   0x00000002   PAD
    0x08008a58   0x08008a58   0x000000b4   Code   RO         4498    i.SD_PowerON        stm32h7xx_hal_sd.o
    0x08008b0c   0x08008b0c   0x000000e4   Code   RO         4499    i.SD_SendSDStatus   stm32h7xx_hal_sd.o
    0x08008bf0   0x08008bf0   0x00000060   Code   RO         5477    i.SD_initialize     sd_diskio.o
    0x08008c50   0x08008c50   0x00000068   Code   RO         5478    i.SD_ioctl          sd_diskio.o
    0x08008cb8   0x08008cb8   0x00000084   Code   RO         5479    i.SD_read           sd_diskio.o
    0x08008d3c   0x08008d3c   0x00000004   Code   RO         5480    i.SD_status         sd_diskio.o
    0x08008d40   0x08008d40   0x00000084   Code   RO         5481    i.SD_write          sd_diskio.o
    0x08008dc4   0x08008dc4   0x00000178   Code   RO         7603    i.ServoSet          control.o
    0x08008f3c   0x08008f3c   0x00000008   Code   RO           26    i.StartDefaultTask  main.o
    0x08008f44   0x08008f44   0x0000002c   Code   RO         7520    i.SysTick_Handler   port.o
    0x08008f70   0x08008f70   0x000000a8   Code   RO           27    i.SystemClock_Config  main.o
    0x08009018   0x08009018   0x000000f8   Code   RO         5317    i.SystemInit        system_stm32h7xx.o
    0x08009110   0x08009110   0x0000009c   Code   RO         7920    i.TFInit            tf.o
    0x080091ac   0x080091ac   0x00000012   Code   RO         7810    i.TFStorageTask     taskinit.o
    0x080091be   0x080091be   0x00000002   PAD
    0x080091c0   0x080091c0   0x0000000c   Code   RO          425    i.TIM1_UP_IRQHandler  stm32h7xx_it.o
    0x080091cc   0x080091cc   0x0000000c   Code   RO          426    i.TIM3_IRQHandler   stm32h7xx_it.o
    0x080091d8   0x080091d8   0x0000000c   Code   RO          427    i.TIM6_DAC_IRQHandler  stm32h7xx_it.o
    0x080091e4   0x080091e4   0x000000cc   Code   RO          764    i.TIM_Base_SetConfig  stm32h7xx_hal_tim.o
    0x080092b0   0x080092b0   0x0000001a   Code   RO          765    i.TIM_CCxChannelCmd  stm32h7xx_hal_tim.o
    0x080092ca   0x080092ca   0x00000012   Code   RO          775    i.TIM_ETR_SetConfig  stm32h7xx_hal_tim.o
    0x080092dc   0x080092dc   0x00000014   Code   RO          776    i.TIM_ITRx_SetConfig  stm32h7xx_hal_tim.o
    0x080092f0   0x080092f0   0x000000a4   Code   RO          777    i.TIM_OC1_SetConfig  stm32h7xx_hal_tim.o
    0x08009394   0x08009394   0x00000098   Code   RO          778    i.TIM_OC2_SetConfig  stm32h7xx_hal_tim.o
    0x0800942c   0x0800942c   0x00000098   Code   RO          779    i.TIM_OC3_SetConfig  stm32h7xx_hal_tim.o
    0x080094c4   0x080094c4   0x00000078   Code   RO          780    i.TIM_OC4_SetConfig  stm32h7xx_hal_tim.o
    0x0800953c   0x0800953c   0x00000074   Code   RO          781    i.TIM_OC5_SetConfig  stm32h7xx_hal_tim.o
    0x080095b0   0x080095b0   0x00000074   Code   RO          782    i.TIM_OC6_SetConfig  stm32h7xx_hal_tim.o
    0x08009624   0x08009624   0x00000022   Code   RO          784    i.TIM_TI1_ConfigInputStage  stm32h7xx_hal_tim.o
    0x08009646   0x08009646   0x00000024   Code   RO          786    i.TIM_TI2_ConfigInputStage  stm32h7xx_hal_tim.o
    0x0800966a   0x0800966a   0x00000002   PAD
    0x0800966c   0x0800966c   0x00000178   Code   RO         7811    i.TaskInit          taskinit.o
    0x080097e4   0x080097e4   0x00000130   Code   RO         7882    i.TelemetrySend     telemetry.o
    0x08009914   0x08009914   0x0000000c   Code   RO         7812    i.TelemetrySendTask  taskinit.o
    0x08009920   0x08009920   0x0000006c   Code   RO         7813    i.TimerCheckerTask  taskinit.o
    0x0800998c   0x0800998c   0x00000078   Code   RO          428    i.UART5_IRQHandler  stm32h7xx_it.o
    0x08009a04   0x08009a04   0x0000000c   Code   RO          429    i.UART7_IRQHandler  stm32h7xx_it.o
    0x08009a10   0x08009a10   0x0000000c   Code   RO          430    i.UART8_IRQHandler  stm32h7xx_it.o
    0x08009a1c   0x08009a1c   0x00000044   Code   RO         5211    i.UARTEx_SetNbDataToProcess  stm32h7xx_hal_uart_ex.o
    0x08009a60   0x08009a60   0x000000c8   Code   RO         4820    i.UART_AdvFeatureConfig  stm32h7xx_hal_uart.o
    0x08009b28   0x08009b28   0x000000aa   Code   RO         4821    i.UART_CheckIdleState  stm32h7xx_hal_uart.o
    0x08009bd2   0x08009bd2   0x00000010   Code   RO         4822    i.UART_DMAAbortOnError  stm32h7xx_hal_uart.o
    0x08009be2   0x08009be2   0x0000004e   Code   RO         4823    i.UART_DMAError     stm32h7xx_hal_uart.o
    0x08009c30   0x08009c30   0x00000082   Code   RO         4824    i.UART_DMAReceiveCplt  stm32h7xx_hal_uart.o
    0x08009cb2   0x08009cb2   0x00000020   Code   RO         4826    i.UART_DMARxHalfCplt  stm32h7xx_hal_uart.o
    0x08009cd2   0x08009cd2   0x00000040   Code   RO         4828    i.UART_DMATransmitCplt  stm32h7xx_hal_uart.o
    0x08009d12   0x08009d12   0x0000000a   Code   RO         4830    i.UART_DMATxHalfCplt  stm32h7xx_hal_uart.o
    0x08009d1c   0x08009d1c   0x00000054   Code   RO         4832    i.UART_EndRxTransfer  stm32h7xx_hal_uart.o
    0x08009d70   0x08009d70   0x0000002e   Code   RO         4833    i.UART_EndTxTransfer  stm32h7xx_hal_uart.o
    0x08009d9e   0x08009d9e   0x00000002   PAD
    0x08009da0   0x08009da0   0x000003ac   Code   RO         4838    i.UART_SetConfig    stm32h7xx_hal_uart.o
    0x0800a14c   0x0800a14c   0x000000a8   Code   RO         4839    i.UART_Start_Receive_DMA  stm32h7xx_hal_uart.o
    0x0800a1f4   0x0800a1f4   0x00000094   Code   RO         4845    i.UART_WaitOnFlagUntilTimeout  stm32h7xx_hal_uart.o
    0x0800a288   0x0800a288   0x0000000c   Code   RO          431    i.USART2_IRQHandler  stm32h7xx_it.o
    0x0800a294   0x0800a294   0x0000000c   Code   RO          432    i.USART6_IRQHandler  stm32h7xx_it.o
    0x0800a2a0   0x0800a2a0   0x00000002   Code   RO          433    i.UsageFault_Handler  stm32h7xx_it.o
    0x0800a2a2   0x0800a2a2   0x00000030   Code   RO         8507    i.__ARM_fpclassify  m_wv.l(fpclassify.o)
    0x0800a2d2   0x0800a2d2   0x00000026   Code   RO         8408    i.__ARM_fpclassifyf  m_wv.l(fpclassifyf.o)
    0x0800a2f8   0x0800a2f8   0x00000022   Code   RO         1697    i.__NVIC_SetPriority  stm32h7xx_hal_cortex.o
    0x0800a31a   0x0800a31a   0x00000002   PAD
    0x0800a31c   0x0800a31c   0x00000170   Code   RO         8312    i.__hardfp_atanf    m_wv.l(atanf.o)
    0x0800a48c   0x0800a48c   0x00000004   PAD
    0x0800a490   0x0800a490   0x000000b0   Code   RO         8324    i.__hardfp_cos      m_wv.l(cos.o)
    0x0800a540   0x0800a540   0x00000150   Code   RO         8336    i.__hardfp_cosf     m_wv.l(cosf.o)
    0x0800a690   0x0800a690   0x000000b0   Code   RO         8348    i.__hardfp_sin      m_wv.l(sin.o)
    0x0800a740   0x0800a740   0x00000066   Code   RO         8360    i.__hardfp_sqrt     m_wv.l(sqrt.o)
    0x0800a7a6   0x0800a7a6   0x00000002   PAD
    0x0800a7a8   0x0800a7a8   0x00000310   Code   RO         8424    i.__ieee754_rem_pio2  m_wv.l(rred.o)
    0x0800aab8   0x0800aab8   0x000000e0   Code   RO         8391    i.__kernel_cos      m_wv.l(cos_i.o)
    0x0800ab98   0x0800ab98   0x00000070   Code   RO         8509    i.__kernel_poly     m_wv.l(poly.o)
    0x0800ac08   0x0800ac08   0x000000a8   Code   RO         8432    i.__kernel_sin      m_wv.l(sin_i.o)
    0x0800acb0   0x0800acb0   0x00000018   Code   RO         8397    i.__mathlib_dbl_invalid  m_wv.l(dunder.o)
    0x0800acc8   0x0800acc8   0x00000018   Code   RO         8400    i.__mathlib_dbl_underflow  m_wv.l(dunder.o)
    0x0800ace0   0x0800ace0   0x00000006   Code   RO         8411    i.__mathlib_flt_infnan  m_wv.l(funder.o)
    0x0800ace6   0x0800ace6   0x00000002   PAD
    0x0800ace8   0x0800ace8   0x00000010   Code   RO         8413    i.__mathlib_flt_invalid  m_wv.l(funder.o)
    0x0800acf8   0x0800acf8   0x00000010   Code   RO         8416    i.__mathlib_flt_underflow  m_wv.l(funder.o)
    0x0800ad08   0x0800ad08   0x00000154   Code   RO         8429    i.__mathlib_rredf2  m_wv.l(rredf.o)
    0x0800ae5c   0x0800ae5c   0x0000000e   Code   RO         8276    i._is_digit         c_w.l(__printf_wp.o)
    0x0800ae6a   0x0800ae6a   0x00000002   PAD
    0x0800ae6c   0x0800ae6c   0x00000074   Code   RO         5678    i.check_fs          ff.o
    0x0800aee0   0x0800aee0   0x00000010   Code   RO         5679    i.chk_chr           ff.o
    0x0800aef0   0x0800aef0   0x00000070   Code   RO         5680    i.chk_lock          ff.o
    0x0800af60   0x0800af60   0x00000028   Code   RO         5681    i.clear_lock        ff.o
    0x0800af88   0x0800af88   0x00000028   Code   RO         5682    i.clmt_clust        ff.o
    0x0800afb0   0x0800afb0   0x00000018   Code   RO         5683    i.clust2sect        ff.o
    0x0800afc8   0x0800afc8   0x00000098   Code   RO         5684    i.cmp_lfn           ff.o
    0x0800b060   0x0800b060   0x000000ba   Code   RO         5685    i.create_chain      ff.o
    0x0800b11a   0x0800b11a   0x00000002   PAD
    0x0800b11c   0x0800b11c   0x0000020c   Code   RO         5686    i.create_name       ff.o
    0x0800b328   0x0800b328   0x00000030   Code   RO         5687    i.dec_lock          ff.o
    0x0800b358   0x0800b358   0x0000004a   Code   RO         5688    i.dir_alloc         ff.o
    0x0800b3a2   0x0800b3a2   0x000000de   Code   RO         5689    i.dir_find          ff.o
    0x0800b480   0x0800b480   0x00000126   Code   RO         5690    i.dir_next          ff.o
    0x0800b5a6   0x0800b5a6   0x00000002   PAD
    0x0800b5a8   0x0800b5a8   0x0000013c   Code   RO         5692    i.dir_register      ff.o
    0x0800b6e4   0x0800b6e4   0x000000a4   Code   RO         5694    i.dir_sdi           ff.o
    0x0800b788   0x0800b788   0x0000002c   Code   RO         5623    i.disk_initialize   diskio.o
    0x0800b7b4   0x0800b7b4   0x0000001c   Code   RO         5624    i.disk_ioctl        diskio.o
    0x0800b7d0   0x0800b7d0   0x00000020   Code   RO         5625    i.disk_read         diskio.o
    0x0800b7f0   0x0800b7f0   0x00000018   Code   RO         5626    i.disk_status       diskio.o
    0x0800b808   0x0800b808   0x00000020   Code   RO         5627    i.disk_write        diskio.o
    0x0800b828   0x0800b828   0x000000a6   Code   RO         7701    i.ecef_to_enu       navigation.o
    0x0800b8ce   0x0800b8ce   0x00000002   PAD
    0x0800b8d0   0x0800b8d0   0x00000028   Code   RO         5695    i.enq_lock          ff.o
    0x0800b8f8   0x0800b8f8   0x00000034   Code   RO         5696    i.f_close           ff.o
    0x0800b92c   0x0800b92c   0x00000624   Code   RO         5702    i.f_mkfs            ff.o
    0x0800bf50   0x0800bf50   0x00000098   Code   RO         5703    i.f_mount           ff.o
    0x0800bfe8   0x0800bfe8   0x00000224   Code   RO         5704    i.f_open            ff.o
    0x0800c20c   0x0800c20c   0x00000242   Code   RO         5706    i.f_printf          ff.o
    0x0800c44e   0x0800c44e   0x000000aa   Code   RO         5713    i.f_sync            ff.o
    0x0800c4f8   0x0800c4f8   0x00000218   Code   RO         5716    i.f_write           ff.o
    0x0800c710   0x0800c710   0x00000018   Code   RO         8503    i.fabs              m_wv.l(fabs.o)
    0x0800c728   0x0800c728   0x0000002e   Code   RO         8123    i.fdiComProtocolReceive  fdilink.o
    0x0800c756   0x0800c756   0x00000002   PAD
    0x0800c758   0x0800c758   0x00000268   Code   RO         8070    i.fdiDecodeBuffer   fdi_send.o
    0x0800c9c0   0x0800c9c0   0x0000000c   Code   RO         8125    i.fdiEffectFeature  fdilink.o
    0x0800c9cc   0x0800c9cc   0x0000002e   Code   RO         8129    i.fdiInsertBuffer   fdilink.o
    0x0800c9fa   0x0800c9fa   0x0000000e   Code   RO         8130    i.fdiResetAll       fdilink.o
    0x0800ca08   0x0800ca08   0x000000c4   Code   RO         8131    i.fdiRuningReceiveData  fdilink.o
    0x0800cacc   0x0800cacc   0x00000038   Code   RO         6168    i.ff_convert        ccsbcs.o
    0x0800cb04   0x0800cb04   0x00000020   Code   RO         6120    i.ff_cre_syncobj    syscall.o
    0x0800cb24   0x0800cb24   0x0000000a   Code   RO         6121    i.ff_del_syncobj    syscall.o
    0x0800cb2e   0x0800cb2e   0x00000004   Code   RO         6122    i.ff_rel_grant      syscall.o
    0x0800cb32   0x0800cb32   0x00000014   Code   RO         6123    i.ff_req_grant      syscall.o
    0x0800cb46   0x0800cb46   0x00000002   PAD
    0x0800cb48   0x0800cb48   0x000000b8   Code   RO         6169    i.ff_wtoupper       ccsbcs.o
    0x0800cc00   0x0800cc00   0x000002ec   Code   RO         5717    i.find_volume       ff.o
    0x0800ceec   0x0800ceec   0x00000086   Code   RO         5718    i.follow_path       ff.o
    0x0800cf72   0x0800cf72   0x00000096   Code   RO         5719    i.gen_numname       ff.o
    0x0800d008   0x0800d008   0x000000c4   Code   RO         5720    i.get_fat           ff.o
    0x0800d0cc   0x0800d0cc   0x00000004   Code   RO         5586    i.get_fattime       fatfs.o
    0x0800d0d0   0x0800d0d0   0x00000054   Code   RO         5722    i.get_ldnumber      ff.o
    0x0800d124   0x0800d124   0x00000010   Code   RO         7105    i.inHandlerMode     cmsis_os.o
    0x0800d134   0x0800d134   0x00000094   Code   RO         5723    i.inc_lock          ff.o
    0x0800d1c8   0x0800d1c8   0x00000026   Code   RO         5724    i.ld_clust          ff.o
    0x0800d1ee   0x0800d1ee   0x00000016   Code   RO         5725    i.ld_dword          ff.o
    0x0800d204   0x0800d204   0x0000000a   Code   RO         5726    i.ld_word           ff.o
    0x0800d20e   0x0800d20e   0x00000002   PAD
    0x0800d210   0x0800d210   0x000000a0   Code   RO         7604    i.linear_interp     control.o
    0x0800d2b0   0x0800d2b0   0x000000b0   Code   RO         7702    i.lla_to_ecef       navigation.o
    0x0800d360   0x0800d360   0x00000016   Code   RO         5727    i.lock_fs           ff.o
    0x0800d376   0x0800d376   0x00000002   PAD
    0x0800d378   0x0800d378   0x0000011c   Code   RO           28    i.main              main.o
    0x0800d494   0x0800d494   0x0000000c   Code   RO         7107    i.makeFreeRtosPriority  cmsis_os.o
    0x0800d4a0   0x0800d4a0   0x00000018   Code   RO         5728    i.mem_cmp           ff.o
    0x0800d4b8   0x0800d4b8   0x00000012   Code   RO         5729    i.mem_cpy           ff.o
    0x0800d4ca   0x0800d4ca   0x0000000c   Code   RO         5730    i.mem_set           ff.o
    0x0800d4d6   0x0800d4d6   0x00000034   Code   RO         5731    i.move_window       ff.o
    0x0800d50a   0x0800d50a   0x00000002   PAD
    0x0800d50c   0x0800d50c   0x0000001c   Code   RO         7109    i.osDelay           cmsis_os.o
    0x0800d528   0x0800d528   0x00000012   Code   RO         7111    i.osKernelRunning   cmsis_os.o
    0x0800d53a   0x0800d53a   0x00000018   Code   RO         7113    i.osKernelSysTick   cmsis_os.o
    0x0800d552   0x0800d552   0x0000002a   Code   RO         7121    i.osMessageCreate   cmsis_os.o
    0x0800d57c   0x0800d57c   0x000000bc   Code   RO         7123    i.osMessageGet      cmsis_os.o
    0x0800d638   0x0800d638   0x00000070   Code   RO         7125    i.osMessagePut      cmsis_os.o
    0x0800d6a8   0x0800d6a8   0x00000046   Code   RO         7138    i.osSemaphoreCreate  cmsis_os.o
    0x0800d6ee   0x0800d6ee   0x00000018   Code   RO         7139    i.osSemaphoreDelete  cmsis_os.o
    0x0800d706   0x0800d706   0x00000002   PAD
    0x0800d708   0x0800d708   0x00000050   Code   RO         7141    i.osSemaphoreRelease  cmsis_os.o
    0x0800d758   0x0800d758   0x00000078   Code   RO         7142    i.osSemaphoreWait   cmsis_os.o
    0x0800d7d0   0x0800d7d0   0x0000005c   Code   RO         7146    i.osThreadCreate    cmsis_os.o
    0x0800d82c   0x0800d82c   0x00000078   Code   RO         6724    i.prvAddCurrentTaskToDelayedList  tasks.o
    0x0800d8a4   0x0800d8a4   0x0000008c   Code   RO         6725    i.prvAddNewTaskToReadyList  tasks.o
    0x0800d930   0x0800d930   0x00000040   Code   RO         6726    i.prvCheckTasksWaitingTermination  tasks.o
    0x0800d970   0x0800d970   0x00000024   Code   RO         6353    i.prvCopyDataFromQueue  queue.o
    0x0800d994   0x0800d994   0x0000006e   Code   RO         6354    i.prvCopyDataToQueue  queue.o
    0x0800da02   0x0800da02   0x00000040   Code   RO         6727    i.prvDeleteTCB      tasks.o
    0x0800da42   0x0800da42   0x00000014   Code   RO         6355    i.prvGetDisinheritPriorityAfterTimeout  queue.o
    0x0800da56   0x0800da56   0x00000002   PAD
    0x0800da58   0x0800da58   0x00000028   Code   RO         6728    i.prvIdleTask       tasks.o
    0x0800da80   0x0800da80   0x00000022   Code   RO         6357    i.prvInitialiseNewQueue  queue.o
    0x0800daa2   0x0800daa2   0x00000094   Code   RO         6729    i.prvInitialiseNewTask  tasks.o
    0x0800db36   0x0800db36   0x00000002   PAD
    0x0800db38   0x0800db38   0x00000060   Code   RO         6730    i.prvInitialiseTaskLists  tasks.o
    0x0800db98   0x0800db98   0x0000001a   Code   RO         6358    i.prvIsQueueEmpty   queue.o
    0x0800dbb2   0x0800dbb2   0x0000001e   Code   RO         6359    i.prvIsQueueFull    queue.o
    0x0800dbd0   0x0800dbd0   0x00000024   Code   RO         6732    i.prvResetNextTaskUnblockTime  tasks.o
    0x0800dbf4   0x0800dbf4   0x00000030   Code   RO         7521    i.prvTaskExitError  port.o
    0x0800dc24   0x0800dc24   0x00000068   Code   RO         6360    i.prvUnlockQueue    queue.o
    0x0800dc8c   0x0800dc8c   0x00000102   Code   RO         5733    i.put_fat           ff.o
    0x0800dd8e   0x0800dd8e   0x00000002   PAD
    0x0800dd90   0x0800dd90   0x00000074   Code   RO         5734    i.put_lfn           ff.o
    0x0800de04   0x0800de04   0x00000048   Code   RO         5735    i.putc_bfd          ff.o
    0x0800de4c   0x0800de4c   0x0000002a   Code   RO         5736    i.putc_flush        ff.o
    0x0800de76   0x0800de76   0x0000000a   Code   RO         5737    i.putc_init         ff.o
    0x0800de80   0x0800de80   0x00000050   Code   RO         7474    i.pvPortMalloc      heap_1.o
    0x0800ded0   0x0800ded0   0x00000018   Code   RO         6736    i.pvTaskIncrementMutexHeldCount  tasks.o
    0x0800dee8   0x0800dee8   0x0000002c   Code   RO         7522    i.pxPortInitialiseStack  port.o
    0x0800df14   0x0800df14   0x0000007e   Code   RO         5738    i.remove_chain      ff.o
    0x0800df92   0x0800df92   0x00000028   Code   RO         5739    i.st_clust          ff.o
    0x0800dfba   0x0800dfba   0x00000014   Code   RO         5740    i.st_dword          ff.o
    0x0800dfce   0x0800dfce   0x0000000a   Code   RO         5741    i.st_word           ff.o
    0x0800dfd8   0x0800dfd8   0x0000001a   Code   RO         5742    i.sum_sfn           ff.o
    0x0800dff2   0x0800dff2   0x00000002   PAD
    0x0800dff4   0x0800dff4   0x0000008c   Code   RO         5743    i.sync_fs           ff.o
    0x0800e080   0x0800e080   0x00000056   Code   RO         5744    i.sync_window       ff.o
    0x0800e0d6   0x0800e0d6   0x00000018   Code   RO         5745    i.unlock_fs         ff.o
    0x0800e0ee   0x0800e0ee   0x00000026   Code   RO         6313    i.uxListRemove      list.o
    0x0800e114   0x0800e114   0x00000018   Code   RO          375    i.vApplicationGetIdleTaskMemory  freertos.o
    0x0800e12c   0x0800e12c   0x00000016   Code   RO         6314    i.vListInitialise   list.o
    0x0800e142   0x0800e142   0x00000006   Code   RO         6315    i.vListInitialiseItem  list.o
    0x0800e148   0x0800e148   0x0000003a   Code   RO         6316    i.vListInsert       list.o
    0x0800e182   0x0800e182   0x00000018   Code   RO         6317    i.vListInsertEnd    list.o
    0x0800e19a   0x0800e19a   0x00000002   PAD
    0x0800e19c   0x0800e19c   0x00000040   Code   RO         7524    i.vPortEnterCritical  port.o
    0x0800e1dc   0x0800e1dc   0x0000002c   Code   RO         7525    i.vPortExitCritical  port.o
    0x0800e208   0x0800e208   0x00000016   Code   RO         7475    i.vPortFree         heap_1.o
    0x0800e21e   0x0800e21e   0x00000002   PAD
    0x0800e220   0x0800e220   0x00000028   Code   RO         7526    i.vPortSetupTimerInterrupt  port.o
    0x0800e248   0x0800e248   0x00000054   Code   RO         7527    i.vPortValidateInterruptPriority  port.o
    0x0800e29c   0x0800e29c   0x00000032   Code   RO         6367    i.vQueueDelete      queue.o
    0x0800e2ce   0x0800e2ce   0x00000002   PAD
    0x0800e2d0   0x0800e2d0   0x00000028   Code   RO         6369    i.vQueueUnregisterQueue  queue.o
    0x0800e2f8   0x0800e2f8   0x00000050   Code   RO         6745    i.vTaskDelay        tasks.o
    0x0800e348   0x0800e348   0x00000010   Code   RO         6749    i.vTaskInternalSetTimeOutState  tasks.o
    0x0800e358   0x0800e358   0x0000000c   Code   RO         6751    i.vTaskMissedYield  tasks.o
    0x0800e364   0x0800e364   0x00000034   Code   RO         6753    i.vTaskPlaceOnEventList  tasks.o
    0x0800e398   0x0800e398   0x000000a8   Code   RO         6755    i.vTaskPriorityDisinheritAfterTimeout  tasks.o
    0x0800e440   0x0800e440   0x00000088   Code   RO         6761    i.vTaskStartScheduler  tasks.o
    0x0800e4c8   0x0800e4c8   0x000000c0   Code   RO         6762    i.vTaskSuspend      tasks.o
    0x0800e588   0x0800e588   0x00000010   Code   RO         6763    i.vTaskSuspendAll   tasks.o
    0x0800e598   0x0800e598   0x00000060   Code   RO         6764    i.vTaskSwitchContext  tasks.o
    0x0800e5f8   0x0800e5f8   0x0000004e   Code   RO         5746    i.validate          ff.o
    0x0800e646   0x0800e646   0x00000002   PAD
    0x0800e648   0x0800e648   0x00000104   Code   RO         7528    i.xPortStartScheduler  port.o
    0x0800e74c   0x0800e74c   0x00000044   Code   RO         6372    i.xQueueGenericCreate  queue.o
    0x0800e790   0x0800e790   0x00000070   Code   RO         6373    i.xQueueGenericCreateStatic  queue.o
    0x0800e800   0x0800e800   0x00000090   Code   RO         6374    i.xQueueGenericReset  queue.o
    0x0800e890   0x0800e890   0x00000170   Code   RO         6375    i.xQueueGenericSend  queue.o
    0x0800ea00   0x0800ea00   0x000000be   Code   RO         6376    i.xQueueGenericSendFromISR  queue.o
    0x0800eabe   0x0800eabe   0x000000a0   Code   RO         6377    i.xQueueGiveFromISR  queue.o
    0x0800eb5e   0x0800eb5e   0x00000002   PAD
    0x0800eb60   0x0800eb60   0x00000148   Code   RO         6382    i.xQueueReceive     queue.o
    0x0800eca8   0x0800eca8   0x0000009a   Code   RO         6383    i.xQueueReceiveFromISR  queue.o
    0x0800ed42   0x0800ed42   0x00000002   PAD
    0x0800ed44   0x0800ed44   0x00000184   Code   RO         6384    i.xQueueSemaphoreTake  queue.o
    0x0800eec8   0x0800eec8   0x00000080   Code   RO         6766    i.xTaskCheckForTimeOut  tasks.o
    0x0800ef48   0x0800ef48   0x0000006c   Code   RO         6767    i.xTaskCreate       tasks.o
    0x0800efb4   0x0800efb4   0x00000060   Code   RO         6768    i.xTaskCreateStatic  tasks.o
    0x0800f014   0x0800f014   0x0000001c   Code   RO         6772    i.xTaskGetSchedulerState  tasks.o
    0x0800f030   0x0800f030   0x0000000c   Code   RO         6773    i.xTaskGetTickCount  tasks.o
    0x0800f03c   0x0800f03c   0x00000010   Code   RO         6774    i.xTaskGetTickCountFromISR  tasks.o
    0x0800f04c   0x0800f04c   0x000000d4   Code   RO         6775    i.xTaskIncrementTick  tasks.o
    0x0800f120   0x0800f120   0x0000009c   Code   RO         6778    i.xTaskPriorityDisinherit  tasks.o
    0x0800f1bc   0x0800f1bc   0x00000094   Code   RO         6779    i.xTaskPriorityInherit  tasks.o
    0x0800f250   0x0800f250   0x00000078   Code   RO         6780    i.xTaskRemoveFromEventList  tasks.o
    0x0800f2c8   0x0800f2c8   0x000000cc   Code   RO         6781    i.xTaskResumeAll    tasks.o
    0x0800f394   0x0800f394   0x0000002c   Code   RO         8497    locale$$code        c_w.l(lc_numeric_c.o)
    0x0800f3c0   0x0800f3c0   0x0000000a   Code   RO         8585    x$fpl$fpinit        fz_wv.l(fpinit.o)
    0x0800f3ca   0x0800f3ca   0x00000004   Code   RO         8310    x$fpl$printf1       fz_wv.l(printf1.o)
    0x0800f3ce   0x0800f3ce   0x00000000   Code   RO         8390    x$fpl$usenofp       fz_wv.l(usenofp.o)
    0x0800f3ce   0x0800f3ce   0x00000002   PAD
    0x0800f3d0   0x0800f3d0   0x0000001c   Data   RO           35    .constdata          main.o
    0x0800f3ec   0x0800f3ec   0x00000008   Data   RO         2488    .constdata          stm32h7xx_hal_dma.o
    0x0800f3f4   0x0800f3f4   0x00000018   Data   RO         4846    .constdata          stm32h7xx_hal_uart.o
    0x0800f40c   0x0800f40c   0x00000010   Data   RO         5212    .constdata          stm32h7xx_hal_uart_ex.o
    0x0800f41c   0x0800f41c   0x00000010   Data   RO         5318    .constdata          system_stm32h7xx.o
    0x0800f42c   0x0800f42c   0x00000014   Data   RO         5482    .constdata          sd_diskio.o
    0x0800f440   0x0800f440   0x00000010   Data   RO         5483    .constdata          sd_diskio.o
    0x0800f450   0x0800f450   0x000000aa   Data   RO         5748    .constdata          ff.o
    0x0800f4fa   0x0800f4fa   0x000003ae   Data   RO         6170    .constdata          ccsbcs.o
    0x0800f8a8   0x0800f8a8   0x00000700   Data   RO         8042    .constdata          crc_table.o
    0x0800ffa8   0x0800ffa8   0x00000011   Data   RO         8279    .constdata          c_w.l(__printf_flags_wp.o)
    0x0800ffb9   0x0800ffb9   0x00000007   PAD
    0x0800ffc0   0x0800ffc0   0x00000030   Data   RO         8392    .constdata          m_wv.l(cos_i.o)
    0x0800fff0   0x0800fff0   0x000000c8   Data   RO         8426    .constdata          m_wv.l(rred.o)
    0x080100b8   0x080100b8   0x00000020   Data   RO         8430    .constdata          m_wv.l(rredf.o)
    0x080100d8   0x080100d8   0x00000028   Data   RO         8433    .constdata          m_wv.l(sin_i.o)
    0x08010100   0x08010100   0x00000094   Data   RO         8472    .constdata          c_w.l(bigflt0.o)
    0x08010194   0x08010194   0x0000000c   Data   RO           36    .conststring        main.o
    0x080101a0   0x080101a0   0x00000081   Data   RO         7884    .conststring        telemetry.o
    0x08010221   0x08010221   0x00000003   PAD
    0x08010224   0x08010224   0x00000020   Data   RO         8654    Region$$Table       anon$$obj.o
    0x08010244   0x08010244   0x0000001c   Data   RO         8496    locale$$data        c_w.l(lc_numeric_c.o)


    Execution Region RW_IRAM1 (Exec base: 0x20000000, Load base: 0x08010260, Size: 0x00000000, Max: 0x00020000, ABSOLUTE)

    **** No section assigned to this execution region ****


    Execution Region RW_IRAM2 (Exec base: 0x24000000, Load base: 0x08010260, Size: 0x00009ea0, Max: 0x00080000, ABSOLUTE, COMPRESSED[0x0000019c])

    Exec Addr    Load Addr    Size         Type   Attr      Idx    E Section Name        Object

    0x24000000   COMPRESSED   0x00000008   Data   RW           37    .data               main.o
    0x24000008   COMPRESSED   0x0000000c   Data   RW         3226    .data               stm32h7xx_hal.o
    0x24000014   COMPRESSED   0x00000008   Data   RW         5319    .data               system_stm32h7xx.o
    0x2400001c   COMPRESSED   0x00000008   Data   RW         5484    .data               sd_diskio.o
    0x24000024   COMPRESSED   0x00000005   Data   RW         5589    .data               fatfs.o
    0x24000029   COMPRESSED   0x00000003   PAD
    0x2400002c   COMPRESSED   0x00000008   Data   RW         5749    .data               ff.o
    0x24000034   COMPRESSED   0x0000003c   Data   RW         6784    .data               tasks.o
    0x24000070   COMPRESSED   0x00000008   Data   RW         7479    .data               heap_1.o
    0x24000078   COMPRESSED   0x0000000c   Data   RW         7529    .data               port.o
    0x24000084   COMPRESSED   0x00000004   PAD
    0x24000088   COMPRESSED   0x000003d0   Data   RW         7614    .data               control.o
    0x24000458   COMPRESSED   0x00000002   Data   RW         7733    .data               navigation.o
    0x2400045a   COMPRESSED   0x00000002   Data   RW         7734    .data               navigation.o
    0x2400045c   COMPRESSED   0x00000004   Data   RW         7735    .data               navigation.o
    0x24000460   COMPRESSED   0x00000008   Data   RW         7736    .data               navigation.o
    0x24000468   COMPRESSED   0x00000008   Data   RW         7737    .data               navigation.o
    0x24000470   COMPRESSED   0x00000008   Data   RW         7738    .data               navigation.o
    0x24000478   COMPRESSED   0x00000008   Data   RW         7739    .data               navigation.o
    0x24000480   COMPRESSED   0x00000008   Data   RW         7740    .data               navigation.o
    0x24000488   COMPRESSED   0x00000004   Data   RW         7742    .data               navigation.o
    0x2400048c   COMPRESSED   0x00000004   Data   RW         7743    .data               navigation.o
    0x24000490   COMPRESSED   0x0000005c   Data   RW         7814    .data               taskinit.o
    0x240004ec   COMPRESSED   0x00000001   Data   RW         7924    .data               tf.o
    0x240004ed   COMPRESSED   0x00000003   PAD
    0x240004f0   COMPRESSED   0x00000004   Data   RW         7968    .data               receiver.o
    0x240004f4   COMPRESSED   0x00000004   Data   RW         7969    .data               receiver.o
    0x240004f8        -       0x0000059c   Zero   RW           29    .bss                main.o
    0x24000a94        -       0x00000078   Zero   RW           30    .bss                main.o
    0x24000b0c        -       0x00000078   Zero   RW           31    .bss                main.o
    0x24000b84        -       0x00000078   Zero   RW           32    .bss                main.o
    0x24000bfc        -       0x00000078   Zero   RW           33    .bss                main.o
    0x24000c74        -       0x00000078   Zero   RW           34    .bss                main.o
    0x24000cec        -       0x0000025c   Zero   RW          376    .bss                freertos.o
    0x24000f48        -       0x0000004c   Zero   RW          633    .bss                stm32h7xx_hal_timebase_tim.o
    0x24000f94        -       0x00000238   Zero   RW         5587    .bss                fatfs.o
    0x240011cc        -       0x00000230   Zero   RW         5588    .bss                fatfs.o
    0x240013fc        -       0x00000020   Zero   RW         5747    .bss                ff.o
    0x2400141c        -       0x0000000c   Zero   RW         6074    .bss                ff_gen_drv.o
    0x24001428        -       0x00000040   Zero   RW         6385    .bss                queue.o
    0x24001468        -       0x000002e4   Zero   RW         6783    .bss                tasks.o
    0x2400174c        -       0x00003c00   Zero   RW         7478    .bss                heap_1.o
    0x2400534c        -       0x000001f4   Zero   RW         7703    .bss                navigation.o
    0x24005540        -       0x00000390   Zero   RW         7704    .bss                navigation.o
    0x240058d0        -       0x00000020   Zero   RW         7705    .bss                navigation.o
    0x240058f0        -       0x00000038   Zero   RW         7706    .bss                navigation.o
    0x24005928        -       0x00000030   Zero   RW         7707    .bss                navigation.o
    0x24005958        -       0x00000058   Zero   RW         7708    .bss                navigation.o
    0x240059b0        -       0x00000010   Zero   RW         7709    .bss                navigation.o
    0x240059c0        -       0x0000000c   Zero   RW         7710    .bss                navigation.o
    0x240059cc        -       0x0000000c   Zero   RW         7711    .bss                navigation.o
    0x240059d8        -       0x0000000c   Zero   RW         7712    .bss                navigation.o
    0x240059e4        -       0x00000010   Zero   RW         7713    .bss                navigation.o
    0x240059f4        -       0x00000030   Zero   RW         7714    .bss                navigation.o
    0x24005a24   COMPRESSED   0x00000004   PAD
    0x24005a28        -       0x00000050   Zero   RW         7715    .bss                navigation.o
    0x24005a78        -       0x0000000c   Zero   RW         7716    .bss                navigation.o
    0x24005a84        -       0x0000007a   Zero   RW         7717    .bss                navigation.o
    0x24005afe   COMPRESSED   0x00000002   PAD
    0x24005b00        -       0x00000018   Zero   RW         7718    .bss                navigation.o
    0x24005b18        -       0x00000010   Zero   RW         7719    .bss                navigation.o
    0x24005b28        -       0x0000000c   Zero   RW         7720    .bss                navigation.o
    0x24005b34        -       0x0000000c   Zero   RW         7721    .bss                navigation.o
    0x24005b40        -       0x0000000c   Zero   RW         7722    .bss                navigation.o
    0x24005b4c        -       0x00000010   Zero   RW         7723    .bss                navigation.o
    0x24005b5c        -       0x0000000c   Zero   RW         7724    .bss                navigation.o
    0x24005b68        -       0x00000010   Zero   RW         7725    .bss                navigation.o
    0x24005b78        -       0x00000024   Zero   RW         7726    .bss                navigation.o
    0x24005b9c        -       0x0000000c   Zero   RW         7727    .bss                navigation.o
    0x24005ba8        -       0x0000000c   Zero   RW         7728    .bss                navigation.o
    0x24005bb4   COMPRESSED   0x00000004   PAD
    0x24005bb8        -       0x00000040   Zero   RW         7729    .bss                navigation.o
    0x24005bf8        -       0x00000028   Zero   RW         7730    .bss                navigation.o
    0x24005c20        -       0x00000018   Zero   RW         7731    .bss                navigation.o
    0x24005c38        -       0x00000010   Zero   RW         7732    .bss                navigation.o
    0x24005c48        -       0x000007d0   Zero   RW         7883    .bss                telemetry.o
    0x24006418        -       0x00000200   Zero   RW         7922    .bss                tf.o
    0x24006618        -       0x00000019   Zero   RW         7964    .bss                receiver.o
    0x24006631   COMPRESSED   0x00000001   PAD
    0x24006632        -       0x0000003a   Zero   RW         7965    .bss                receiver.o
    0x2400666c        -       0x000007d0   Zero   RW         8008    .bss                extf.o
    0x24006e3c        -       0x00000060   Zero   RW         8512    .bss                c_w.l(libspace.o)
    0x24006e9c   COMPRESSED   0x00000004   PAD
    0x24006ea0        -       0x00001000   Zero   RW            2    HEAP                startup_stm32h743xx.o
    0x24007ea0        -       0x00002000   Zero   RW            1    STACK               startup_stm32h743xx.o


==============================================================================

Image component sizes


      Code (inc. data)   RO Data    RW Data    ZI Data      Debug   Object Name

       178         22          0          0          0       5385   bsp_driver_sd.o
       240         22        942          0          0       2943   ccsbcs.o
       826         36          0          0          0      36398   cmsis_os.o
      2164        194          0        976          0       8538   control.o
        72         10       1792          0          0       2337   crc_table.o
       160         26          0          0          0       3941   diskio.o
         0          0          0          0          0      19068   event_groups.o
       304         48          0          0       2000       1190   extf.o
        32         12          0          5       1128       1708   fatfs.o
        24          4          0          0          0        589   fatfs_platform.o
       616        248          0          0          0       1966   fdi_send.o
       314         10          0          0          0      14617   fdilink.o
      8682        180        170          8         32      55352   ff.o
        78          4          0          0         12       1695   ff_gen_drv.o
        24          6          0          0        604       1436   freertos.o
       102         10          0          8      15360       5123   heap_1.o
       148          0          0          0          0       3802   list.o
      2428        214         40          8       2036    1390095   main.o
       546         44          0         56       2290       7053   navigation.o
       818         96          0         12          0      12297   port.o
      2362         28          0          0         64      24731   queue.o
         0          0          0          8         83       1709   receiver.o
       578         40         36          8          0      14389   sd_diskio.o
        72         30        664          0      12288        864   startup_stm32h743xx.o
       168         36          0         12          0      22933   stm32h7xx_hal.o
       316         28          0          0          0      41248   stm32h7xx_hal_cortex.o
      5992        246          8          0          0      12733   stm32h7xx_hal_dma.o
       592         50          0          0          0       3716   stm32h7xx_hal_gpio.o
      1572        138          0          0          0       5287   stm32h7xx_hal_msp.o
        84          6          0          0          0        805   stm32h7xx_hal_pwr_ex.o
      2558        110          0          0          0       8033   stm32h7xx_hal_rcc.o
      4776        172          0          0          0      10743   stm32h7xx_hal_rcc_ex.o
      3346         66          0          0          0      19396   stm32h7xx_hal_sd.o
      2776        308          0          0          0      20075   stm32h7xx_hal_tim.o
       170         30          0          0          0       3332   stm32h7xx_hal_tim_ex.o
       132         22          0          0         76       1635   stm32h7xx_hal_timebase_tim.o
      3516        172         24          0          0      39542   stm32h7xx_hal_uart.o
       290          6         16          0          0       5658   stm32h7xx_hal_uart_ex.o
       300        110          0          0          0      10319   stm32h7xx_it.o
      1790         72          0          0          0      25158   stm32h7xx_ll_sdmmc.o
         0          0          0          0          0        388   stream_buffer.o
        66          0          0          0          0       3656   syscall.o
       276         48         16          8          0       2081   system_stm32h7xx.o
       866        226          0         92          0       5910   taskinit.o
      2728        240          0         60        740      31903   tasks.o
       304         48        129          0       2000       1232   telemetry.o
       156         52          0          1        512       1270   tf.o

    ----------------------------------------------------------------------
     53634       3470       3872       1272      39236    1894279   Object Totals
         0          0         32          0          0          0   (incl. Generated)
        92          0          3         10         11          0   (incl. Padding)

    ----------------------------------------------------------------------

      Code (inc. data)   RO Data    RW Data    ZI Data      Debug   Library Member Name

        90          0          0          0          0          0   __dczerorl2.o
         8          0          0          0          0         68   __main.o
       312          4         17          0          0         92   __printf_flags_wp.o
        14          0          0          0          0         68   __printf_wp.o
         0          0          0          0          0          0   __rtentry.o
        12          0          0          0          0          0   __rtentry2.o
         6          0          0          0          0          0   __rtentry4.o
        52          8          0          0          0          0   __scatter.o
        28          0          0          0          0          0   __scatter_zi.o
        48          6          0          0          0         96   _printf_char_common.o
         6          0          0          0          0          0   _printf_f.o
      1054          0          0          0          0        216   _printf_fp_dec.o
       128         16          0          0          0         84   _printf_fp_infnan.o
         0          0          0          0          0          0   _printf_percent.o
         4          0          0          0          0          0   _printf_percent_end.o
        22          0          0          0          0        100   _rserrno.o
        10          0          0          0          0         68   _sputc.o
        16          0          0          0          0         68   aeabi_memset.o
       228          4        148          0          0         96   bigflt0.o
      1936        128          0          0          0        672   btod.o
        18          0          0          0          0         80   exit.o
         6          0          0          0          0        152   heapauxi.o
         0          0          0          0          0          0   indicate_semi.o
        44         10         28          0          0         76   lc_numeric_c.o
         2          0          0          0          0          0   libinit.o
        22          0          0          0          0          0   libinit2.o
         2          0          0          0          0          0   libshutdown.o
         2          0          0          0          0          0   libshutdown2.o
         8          4          0          0         96         68   libspace.o
       138          0          0          0          0         80   lludiv10.o
       238          0          0          0          0        100   lludivv7m.o
        40          6          0          0          0         84   noretval__2sprintf.o
         8          4          0          0          0         68   rt_errno_addr_intlibspace.o
         8          4          0          0          0         68   rt_locale_intlibspace.o
        68          0          0          0          0         68   rt_memclr.o
        78          0          0          0          0         80   rt_memclr_w.o
       138          0          0          0          0         68   rt_memcpy_v6.o
       100          0          0          0          0         80   rt_memcpy_w.o
         2          0          0          0          0          0   rtexit.o
        10          0          0          0          0          0   rtexit2.o
       104          0          0          0          0         68   strcmpv7m_pel.o
        12          4          0          0          0         68   sys_exit.o
        74          0          0          0          0         80   sys_stackheap_outer.o
         2          0          0          0          0         68   use_no_semi.o
        10          0          0          0          0        116   fpinit.o
         4          0          0          0          0        116   printf1.o
         0          0          0          0          0          0   usenofp.o
       368         72          0          0          0        172   atanf.o
       176         18          0          0          0        156   cos.o
       224         42         48          0          0        184   cos_i.o
       336         60          0          0          0        136   cosf.o
        48         28          0          0          0        232   dunder.o
        24          0          0          0          0        124   fabs.o
        48          0          0          0          0        124   fpclassify.o
        38          0          0          0          0        116   fpclassifyf.o
        38         12          0          0          0        348   funder.o
       112          0          0          0          0        116   poly.o
       784        138        200          0          0        172   rred.o
       340         24         32          0          0        160   rredf.o
       176         18          0          0          0        160   sin.o
       168         24         40          0          0        196   sin_i.o
       102          0          0          0          0        140   sqrt.o

    ----------------------------------------------------------------------
      8118        638        520          0        100       5752   Library Totals
        24          4          7          0          4          0   (incl. Padding)

    ----------------------------------------------------------------------

      Code (inc. data)   RO Data    RW Data    ZI Data      Debug   Library Name

      5098        198        193          0         96       2984   c_w.l
        14          0          0          0          0        232   fz_wv.l
      2982        436        320          0          0       2536   m_wv.l

    ----------------------------------------------------------------------
      8118        638        520          0        100       5752   Library Totals

    ----------------------------------------------------------------------

==============================================================================


      Code (inc. data)   RO Data    RW Data    ZI Data      Debug   

     61752       4108       4392       1272      39336    1859167   Grand Totals
     61752       4108       4392        412      39336    1859167   ELF Image Totals (compressed)
     61752       4108       4392        412          0          0   ROM Totals

==============================================================================

    Total RO  Size (Code + RO Data)                66144 (  64.59kB)
    Total RW  Size (RW Data + ZI Data)             40608 (  39.66kB)
    Total ROM Size (Code + RO Data + RW Data)      66556 (  65.00kB)

==============================================================================

